Archive member included to satisfy reference by file (symbol)

/Applications/STM32CubeIDE.app/Contents/Eclipse/plugins/com.st.stm32cube.ide.mcu.externaltools.gnu-tools-for-stm32.10.3-2021.10.macos64_1.0.0.202111181127/tools/bin/../lib/gcc/arm-none-eabi/10.3.1/../../../../arm-none-eabi/lib/thumb/v7e-m+fp/hard/libc_nano.a(lib_a-errno.o)
                              ./Core/Src/syscalls.o (__errno)
/Applications/STM32CubeIDE.app/Contents/Eclipse/plugins/com.st.stm32cube.ide.mcu.externaltools.gnu-tools-for-stm32.10.3-2021.10.macos64_1.0.0.202111181127/tools/bin/../lib/gcc/arm-none-eabi/10.3.1/../../../../arm-none-eabi/lib/thumb/v7e-m+fp/hard/libc_nano.a(lib_a-exit.o)
                              /Applications/STM32CubeIDE.app/Contents/Eclipse/plugins/com.st.stm32cube.ide.mcu.externaltools.gnu-tools-for-stm32.10.3-2021.10.macos64_1.0.0.202111181127/tools/bin/../lib/gcc/arm-none-eabi/10.3.1/../../../../arm-none-eabi/lib/thumb/v7e-m+fp/hard/crt0.o (exit)
/Applications/STM32CubeIDE.app/Contents/Eclipse/plugins/com.st.stm32cube.ide.mcu.externaltools.gnu-tools-for-stm32.10.3-2021.10.macos64_1.0.0.202111181127/tools/bin/../lib/gcc/arm-none-eabi/10.3.1/../../../../arm-none-eabi/lib/thumb/v7e-m+fp/hard/libc_nano.a(lib_a-impure.o)
                              /Applications/STM32CubeIDE.app/Contents/Eclipse/plugins/com.st.stm32cube.ide.mcu.externaltools.gnu-tools-for-stm32.10.3-2021.10.macos64_1.0.0.202111181127/tools/bin/../lib/gcc/arm-none-eabi/10.3.1/../../../../arm-none-eabi/lib/thumb/v7e-m+fp/hard/libc_nano.a(lib_a-exit.o) (_global_impure_ptr)
/Applications/STM32CubeIDE.app/Contents/Eclipse/plugins/com.st.stm32cube.ide.mcu.externaltools.gnu-tools-for-stm32.10.3-2021.10.macos64_1.0.0.202111181127/tools/bin/../lib/gcc/arm-none-eabi/10.3.1/../../../../arm-none-eabi/lib/thumb/v7e-m+fp/hard/libc_nano.a(lib_a-init.o)
                              /Applications/STM32CubeIDE.app/Contents/Eclipse/plugins/com.st.stm32cube.ide.mcu.externaltools.gnu-tools-for-stm32.10.3-2021.10.macos64_1.0.0.202111181127/tools/bin/../lib/gcc/arm-none-eabi/10.3.1/../../../../arm-none-eabi/lib/thumb/v7e-m+fp/hard/crt0.o (__libc_init_array)
/Applications/STM32CubeIDE.app/Contents/Eclipse/plugins/com.st.stm32cube.ide.mcu.externaltools.gnu-tools-for-stm32.10.3-2021.10.macos64_1.0.0.202111181127/tools/bin/../lib/gcc/arm-none-eabi/10.3.1/../../../../arm-none-eabi/lib/thumb/v7e-m+fp/hard/libc_nano.a(lib_a-memset.o)
                              /Applications/STM32CubeIDE.app/Contents/Eclipse/plugins/com.st.stm32cube.ide.mcu.externaltools.gnu-tools-for-stm32.10.3-2021.10.macos64_1.0.0.202111181127/tools/bin/../lib/gcc/arm-none-eabi/10.3.1/../../../../arm-none-eabi/lib/thumb/v7e-m+fp/hard/crt0.o (memset)
/Applications/STM32CubeIDE.app/Contents/Eclipse/plugins/com.st.stm32cube.ide.mcu.externaltools.gnu-tools-for-stm32.10.3-2021.10.macos64_1.0.0.202111181127/tools/bin/../lib/gcc/arm-none-eabi/10.3.1/../../../../arm-none-eabi/lib/thumb/v7e-m+fp/hard/libc_nano.a(lib_a-printf.o)
                              ./Core/Src/main.o (printf)
/Applications/STM32CubeIDE.app/Contents/Eclipse/plugins/com.st.stm32cube.ide.mcu.externaltools.gnu-tools-for-stm32.10.3-2021.10.macos64_1.0.0.202111181127/tools/bin/../lib/gcc/arm-none-eabi/10.3.1/../../../../arm-none-eabi/lib/thumb/v7e-m+fp/hard/libc_nano.a(lib_a-puts.o)
                              ./Core/Src/main.o (puts)
/Applications/STM32CubeIDE.app/Contents/Eclipse/plugins/com.st.stm32cube.ide.mcu.externaltools.gnu-tools-for-stm32.10.3-2021.10.macos64_1.0.0.202111181127/tools/bin/../lib/gcc/arm-none-eabi/10.3.1/../../../../arm-none-eabi/lib/thumb/v7e-m+fp/hard/libc_nano.a(lib_a-wbuf.o)
                              /Applications/STM32CubeIDE.app/Contents/Eclipse/plugins/com.st.stm32cube.ide.mcu.externaltools.gnu-tools-for-stm32.10.3-2021.10.macos64_1.0.0.202111181127/tools/bin/../lib/gcc/arm-none-eabi/10.3.1/../../../../arm-none-eabi/lib/thumb/v7e-m+fp/hard/libc_nano.a(lib_a-puts.o) (__swbuf_r)
/Applications/STM32CubeIDE.app/Contents/Eclipse/plugins/com.st.stm32cube.ide.mcu.externaltools.gnu-tools-for-stm32.10.3-2021.10.macos64_1.0.0.202111181127/tools/bin/../lib/gcc/arm-none-eabi/10.3.1/../../../../arm-none-eabi/lib/thumb/v7e-m+fp/hard/libc_nano.a(lib_a-wsetup.o)
                              /Applications/STM32CubeIDE.app/Contents/Eclipse/plugins/com.st.stm32cube.ide.mcu.externaltools.gnu-tools-for-stm32.10.3-2021.10.macos64_1.0.0.202111181127/tools/bin/../lib/gcc/arm-none-eabi/10.3.1/../../../../arm-none-eabi/lib/thumb/v7e-m+fp/hard/libc_nano.a(lib_a-puts.o) (__swsetup_r)
/Applications/STM32CubeIDE.app/Contents/Eclipse/plugins/com.st.stm32cube.ide.mcu.externaltools.gnu-tools-for-stm32.10.3-2021.10.macos64_1.0.0.202111181127/tools/bin/../lib/gcc/arm-none-eabi/10.3.1/../../../../arm-none-eabi/lib/thumb/v7e-m+fp/hard/libc_nano.a(lib_a-fflush.o)
[...]
Memory Configuration

Name             Origin             Length             Attributes
RAM              0x0000000020000000 0x0000000000020000 xrw
FLASH            0x0000000008000000 0x0000000000080000 xr
*default*        0x0000000000000000 0xffffffffffffffff

Linker script and memory map

LOAD /Applications/STM32CubeIDE.app/Contents/Eclipse/plugins/com.st.stm32cube.ide.mcu.externaltools.gnu-tools-for-stm32.10.3-2021.10.macos64_1.0.0.202111181127/tools/bin/../lib/gcc/arm-none-eabi/10.3.1/thumb/v7e-m+fp/hard/crti.o
LOAD /Applications/STM32CubeIDE.app/Contents/Eclipse/plugins/com.st.stm32cube.ide.mcu.externaltools.gnu-tools-for-stm32.10.3-2021.10.macos64_1.0.0.202111181127/tools/bin/../lib/gcc/arm-none-eabi/10.3.1/thumb/v7e-m+fp/hard/crtbegin.o
LOAD /Applications/STM32CubeIDE.app/Contents/Eclipse/plugins/com.st.stm32cube.ide.mcu.externaltools.gnu-tools-for-stm32.10.3-2021.10.macos64_1.0.0.202111181127/tools/bin/../lib/gcc/arm-none-eabi/10.3.1/../../../../arm-none-eabi/lib/thumb/v7e-m+fp/hard/crt0.o
LOAD ./Core/Src/main.o
LOAD ./Core/Src/stm32f4xx_hal_msp.o
LOAD ./Core/Src/stm32f4xx_it.o
LOAD ./Core/Src/syscalls.o
LOAD ./Core/Src/sysmem.o
LOAD ./Core/Src/system_stm32f4xx.o
LOAD ./Core/Startup/startup_stm32f446retx.o
LOAD ./Drivers/STM32F4xx_HAL_Driver/Src/stm32f4xx_hal.o
LOAD ./Drivers/STM32F4xx_HAL_Driver/Src/stm32f4xx_hal_can.o
LOAD ./Drivers/STM32F4xx_HAL_Driver/Src/stm32f4xx_hal_cortex.o
LOAD ./Drivers/STM32F4xx_HAL_Driver/Src/stm32f4xx_hal_dma.o
LOAD ./Drivers/STM32F4xx_HAL_Driver/Src/stm32f4xx_hal_dma_ex.o
LOAD ./Drivers/STM32F4xx_HAL_Driver/Src/stm32f4xx_hal_exti.o
LOAD ./Drivers/STM32F4xx_HAL_Driver/Src/stm32f4xx_hal_flash.o
LOAD ./Drivers/STM32F4xx_HAL_Driver/Src/stm32f4xx_hal_flash_ex.o
LOAD ./Drivers/STM32F4xx_HAL_Driver/Src/stm32f4xx_hal_flash_ramfunc.o
LOAD ./Drivers/STM32F4xx_HAL_Driver/Src/stm32f4xx_hal_gpio.o
LOAD ./Drivers/STM32F4xx_HAL_Driver/Src/stm32f4xx_hal_i2c.o
LOAD ./Drivers/STM32F4xx_HAL_Driver/Src/stm32f4xx_hal_i2c_ex.o
LOAD ./Drivers/STM32F4xx_HAL_Driver/Src/stm32f4xx_hal_pwr.o
LOAD ./Drivers/STM32F4xx_HAL_Driver/Src/stm32f4xx_hal_pwr_ex.o
LOAD ./Drivers/STM32F4xx_HAL_Driver/Src/stm32f4xx_hal_rcc.o
LOAD ./Drivers/STM32F4xx_HAL_Driver/Src/stm32f4xx_hal_rcc_ex.o
LOAD ./Drivers/STM32F4xx_HAL_Driver/Src/stm32f4xx_hal_uart.o
START GROUP
LOAD /Applications/STM32CubeIDE.app/Contents/Eclipse/plugins/com.st.stm32cube.ide.mcu.externaltools.gnu-tools-for-stm32.10.3-2021.10.macos64_1.0.0.202111181127/tools/bin/../lib/gcc/arm-none-eabi/10.3.1/../../../../arm-none-eabi/lib/thumb/v7e-m+fp/hard/libc_nano.a
LOAD /Applications/STM32CubeIDE.app/Contents/Eclipse/plugins/com.st.stm32cube.ide.mcu.externaltools.gnu-tools-for-stm32.10.3-2021.10.macos64_1.0.0.202111181127/tools/bin/../lib/gcc/arm-none-eabi/10.3.1/../../../../arm-none-eabi/lib/thumb/v7e-m+fp/hard/libm.a
END GROUP
START GROUP
LOAD /Applications/STM32CubeIDE.app/Contents/Eclipse/plugins/com.st.stm32cube.ide.mcu.externaltools.gnu-tools-for-stm32.10.3-2021.10.macos64_1.0.0.202111181127/tools/bin/../lib/gcc/arm-none-eabi/10.3.1/thumb/v7e-m+fp/hard/libgcc.a
LOAD /Applications/STM32CubeIDE.app/Contents/Eclipse/plugins/com.st.stm32cube.ide.mcu.externaltools.gnu-tools-for-stm32.10.3-2021.10.macos64_1.0.0.202111181127/tools/bin/../lib/gcc/arm-none-eabi/10.3.1/../../../../arm-none-eabi/lib/thumb/v7e-m+fp/hard/libc_nano.a
END GROUP
START GROUP
LOAD /Applications/STM32CubeIDE.app/Contents/Eclipse/plugins/com.st.stm32cube.ide.mcu.externaltools.gnu-tools-for-stm32.10.3-2021.10.macos64_1.0.0.202111181127/tools/bin/../lib/gcc/arm-none-eabi/10.3.1/thumb/v7e-m+fp/hard/libgcc.a
LOAD /Applications/STM32CubeIDE.app/Contents/Eclipse/plugins/com.st.stm32cube.ide.mcu.externaltools.gnu-tools-for-stm32.10.3-2021.10.macos64_1.0.0.202111181127/tools/bin/../lib/gcc/arm-none-eabi/10.3.1/../../../../arm-none-eabi/lib/thumb/v7e-m+fp/hard/libc_nano.a
LOAD /Applications/STM32CubeIDE.app/Contents/Eclipse/plugins/com.st.stm32cube.ide.mcu.externaltools.gnu-tools-for-stm32.10.3-2021.10.macos64_1.0.0.202111181127/tools/bin/../lib/gcc/arm-none-eabi/10.3.1/../../../../arm-none-eabi/lib/thumb/v7e-m+fp/hard/libnosys.a
END GROUP
START GROUP
LOAD /Applications/STM32CubeIDE.app/Contents/Eclipse/plugins/com.st.stm32cube.ide.mcu.externaltools.gnu-tools-for-stm32.10.3-2021.10.macos64_1.0.0.202111181127/tools/bin/../lib/gcc/arm-none-eabi/10.3.1/thumb/v7e-m+fp/hard/libgcc.a
LOAD /Applications/STM32CubeIDE.app/Contents/Eclipse/plugins/com.st.stm32cube.ide.mcu.externaltools.gnu-tools-for-stm32.10.3-2021.10.macos64_1.0.0.202111181127/tools/bin/../lib/gcc/arm-none-eabi/10.3.1/../../../../arm-none-eabi/lib/thumb/v7e-m+fp/hard/libc_nano.a
LOAD /Applications/STM32CubeIDE.app/Contents/Eclipse/plugins/com.st.stm32cube.ide.mcu.externaltools.gnu-tools-for-stm32.10.3-2021.10.macos64_1.0.0.202111181127/tools/bin/../lib/gcc/arm-none-eabi/10.3.1/../../../../arm-none-eabi/lib/thumb/v7e-m+fp/hard/libnosys.a
END GROUP
LOAD /Applications/STM32CubeIDE.app/Contents/Eclipse/plugins/com.st.stm32cube.ide.mcu.externaltools.gnu-tools-for-stm32.10.3-2021.10.macos64_1.0.0.202111181127/tools/bin/../lib/gcc/arm-none-eabi/10.3.1/thumb/v7e-m+fp/hard/crtend.o
LOAD /Applications/STM32CubeIDE.app/Contents/Eclipse/plugins/com.st.stm32cube.ide.mcu.externaltools.gnu-tools-for-stm32.10.3-2021.10.macos64_1.0.0.202111181127/tools/bin/../lib/gcc/arm-none-eabi/10.3.1/thumb/v7e-m+fp/hard/crtn.o
                0x0000000020020000                _estack = (ORIGIN (RAM) + LENGTH (RAM))
                0x0000000000000200                _Min_Heap_Size = 0x200
                0x0000000000000400                _Min_Stack_Size = 0x400

.isr_vector     0x0000000008000000      0x1c4
                0x0000000008000000                . = ALIGN (0x4)
 *(.isr_vector)
 .isr_vector    0x0000000008000000      0x1c4 ./Core/Startup/startup_stm32f446retx.o
                0x0000000008000000                g_pfnVectors
                0x00000000080001c4                . = ALIGN (0x4)

.text           0x00000000080001d0     0x482c
                0x00000000080001d0                . = ALIGN (0x4)
 *(.text)
 .text          0x00000000080001d0       0x40 /Applications/STM32CubeIDE.app/Contents/Eclipse/plugins/com.st.stm32cube.ide.mcu.externaltools.gnu-tools-for-stm32.10.3-2021.10.macos64_1.0.0.202111181127/tools/bin/../lib/gcc/arm-none-eabi/10.3.1/thumb/v7e-m+fp/hard/crtbegin.o
 .text          0x0000000008000210       0xa0 /Applications/STM32CubeIDE.app/Contents/Eclipse/plugins/com.st.stm32cube.ide.mcu.externaltools.gnu-tools-for-stm32.10.3-2021.10.macos64_1.0.0.202111181127/tools/bin/../lib/gcc/arm-none-eabi/10.3.1/../../../../arm-none-eabi/lib/thumb/v7e-m+fp/hard/libc_nano.a(lib_a-memchr.o)
                0x0000000008000210                memchr
 .text          0x00000000080002b0       0x30 /Applications/STM32CubeIDE.app/Contents/Eclipse/plugins/com.st.stm32cube.ide.mcu.externaltools.gnu-tools-for-stm32.10.3-2021.10.macos64_1.0.0.202111181127/tools/bin/../lib/gcc/arm-none-eabi/10.3.1/thumb/v7e-m+fp/hard/libgcc.a(_aeabi_uldivmod.o)
                0x00000000080002b0                __aeabi_uldivmod
 .text          0x00000000080002e0      0x2d0 /Applications/STM32CubeIDE.app/Contents/Eclipse/plugins/com.st.stm32cube.ide.mcu.externaltools.gnu-tools-for-stm32.10.3-2021.10.macos64_1.0.0.202111181127/tools/bin/../lib/gcc/arm-none-eabi/10.3.1/thumb/v7e-m+fp/hard/libgcc.a(_udivmoddi4.o)
                0x00000000080002e0                __udivmoddi4
 .text          0x00000000080005b0        0x4 /Applications/STM32CubeIDE.app/Contents/Eclipse/plugins/com.st.stm32cube.ide.mcu.externaltools.gnu-tools-for-stm32.10.3-2021.10.macos64_1.0.0.202111181127/tools/bin/../lib/gcc/arm-none-eabi/10.3.1/thumb/v7e-m+fp/hard/libgcc.a(_dvmd_tls.o)
                0x00000000080005b0                __aeabi_ldiv0
                0x00000000080005b0                __aeabi_idiv0
 *(.text*)
 .text.main     0x00000000080005b4       0x8c ./Core/Src/main.o
                0x00000000080005b4                main
 .text.SystemClock_Config
                0x0000000008000640       0xdc ./Core/Src/main.o
                0x0000000008000640                SystemClock_Config
 .text.MX_CAN1_Init
                0x000000000800071c       0x68 ./Core/Src/main.o
 .text.MX_I2C1_Init
                0x0000000008000784       0x5c ./Core/Src/main.o
 .text.MX_USART2_UART_Init
                0x00000000080007e0       0x54 ./Core/Src/main.o
 .text.MX_USART3_UART_Init
                0x0000000008000834       0x54 ./Core/Src/main.o
 .text.MX_GPIO_Init
                0x0000000008000888       0x6c ./Core/Src/main.o
 .text.Error_Handler
                0x00000000080008f4        0xa ./Core/Src/main.o
                0x00000000080008f4                Error_Handler
 *fill*         0x00000000080008fe        0x2 
 .text.HAL_MspInit
                0x0000000008000900       0x50 ./Core/Src/stm32f4xx_hal_msp.o
                0x0000000008000900                HAL_MspInit
 .text.HAL_CAN_MspInit
                0x0000000008000950       0x90 ./Core/Src/stm32f4xx_hal_msp.o
                0x0000000008000950                HAL_CAN_MspInit
 .text.HAL_I2C_MspInit
                0x00000000080009e0       0x90 ./Core/Src/stm32f4xx_hal_msp.o
                0x00000000080009e0                HAL_I2C_MspInit
 .text.HAL_UART_MspInit
                0x0000000008000a70      0x13c ./Core/Src/stm32f4xx_hal_msp.o
                0x0000000008000a70                HAL_UART_MspInit
 .text.__io_putchar
                0x0000000008000bac       0x24 ./Core/Src/stm32f4xx_hal_msp.o
                0x0000000008000bac                __io_putchar
 .text.NMI_Handler
                0x0000000008000bd0        0x6 ./Core/Src/stm32f4xx_it.o
                0x0000000008000bd0                NMI_Handler
 .text.HardFault_Handler
                0x0000000008000bd6        0x6 ./Core/Src/stm32f4xx_it.o
                0x0000000008000bd6                HardFault_Handler
 .text.MemManage_Handler
                0x0000000008000bdc        0x6 ./Core/Src/stm32f4xx_it.o
                0x0000000008000bdc                MemManage_Handler
 .text.BusFault_Handler
                0x0000000008000be2        0x6 ./Core/Src/stm32f4xx_it.o
                0x0000000008000be2                BusFault_Handler
 .text.UsageFault_Handler
                0x0000000008000be8        0x6 ./Core/Src/stm32f4xx_it.o
                0x0000000008000be8                UsageFault_Handler
 .text.SVC_Handler
                0x0000000008000bee        0xe ./Core/Src/stm32f4xx_it.o
                0x0000000008000bee                SVC_Handler
 .text.DebugMon_Handler
                0x0000000008000bfc        0xe ./Core/Src/stm32f4xx_it.o
                0x0000000008000bfc                DebugMon_Handler
 .text.PendSV_Handler
                0x0000000008000c0a        0xe ./Core/Src/stm32f4xx_it.o
                0x0000000008000c0a                PendSV_Handler
 .text.SysTick_Handler
                0x0000000008000c18        0xc ./Core/Src/stm32f4xx_it.o
                0x0000000008000c18                SysTick_Handler
 .text._read    0x0000000008000c24       0x3a ./Core/Src/syscalls.o
                0x0000000008000c24                _read
 .text._write   0x0000000008000c5e       0x38 ./Core/Src/syscalls.o
                0x0000000008000c5e                _write
 .text._close   0x0000000008000c96       0x18 ./Core/Src/syscalls.o
                0x0000000008000c96                _close
 .text._fstat   0x0000000008000cae       0x20 ./Core/Src/syscalls.o
                0x0000000008000cae                _fstat
 .text._isatty  0x0000000008000cce       0x16 ./Core/Src/syscalls.o
                0x0000000008000cce                _isatty
 .text._lseek   0x0000000008000ce4       0x1a ./Core/Src/syscalls.o
                0x0000000008000ce4                _lseek
 *fill*         0x0000000008000cfe        0x2 
 .text._sbrk    0x0000000008000d00       0x6c ./Core/Src/sysmem.o
                0x0000000008000d00                _sbrk
 .text.SystemInit
                0x0000000008000d6c       0x24 ./Core/Src/system_stm32f4xx.o
                0x0000000008000d6c                SystemInit
 .text.Reset_Handler
                0x0000000008000d90       0x50 ./Core/Startup/startup_stm32f446retx.o
                0x0000000008000d90                Reset_Handler
 .text.Default_Handler
                0x0000000008000de0        0x2 ./Core/Startup/startup_stm32f446retx.o
                0x0000000008000de0                DMA1_Stream3_IRQHandler
                0x0000000008000de0                EXTI2_IRQHandler
                0x0000000008000de0                TIM8_CC_IRQHandler
                0x0000000008000de0                FMPI2C1_EV_IRQHandler
                0x0000000008000de0                SPI4_IRQHandler
                0x0000000008000de0                TIM1_CC_IRQHandler
                0x0000000008000de0                DMA2_Stream5_IRQHandler
                0x0000000008000de0                DMA1_Stream5_IRQHandler
                0x0000000008000de0                PVD_IRQHandler
                0x0000000008000de0                SDIO_IRQHandler
                0x0000000008000de0                TAMP_STAMP_IRQHandler
                0x0000000008000de0                CAN2_RX1_IRQHandler
                0x0000000008000de0                EXTI3_IRQHandler
                0x0000000008000de0                TIM8_TRG_COM_TIM14_IRQHandler
                0x0000000008000de0                TIM1_UP_TIM10_IRQHandler
                0x0000000008000de0                TIM8_UP_TIM13_IRQHandler
                0x0000000008000de0                I2C3_ER_IRQHandler
                0x0000000008000de0                EXTI0_IRQHandler
                0x0000000008000de0                I2C2_EV_IRQHandler
                0x0000000008000de0                DMA1_Stream2_IRQHandler
                0x0000000008000de0                CAN1_RX0_IRQHandler
                0x0000000008000de0                FPU_IRQHandler
                0x0000000008000de0                OTG_HS_WKUP_IRQHandler
                0x0000000008000de0                CAN2_SCE_IRQHandler
                0x0000000008000de0                DMA2_Stream2_IRQHandler
                0x0000000008000de0                SPI1_IRQHandler
                0x0000000008000de0                TIM6_DAC_IRQHandler
                0x0000000008000de0                TIM1_BRK_TIM9_IRQHandler
                0x0000000008000de0                DCMI_IRQHandler
                0x0000000008000de0                CAN2_RX0_IRQHandler
                0x0000000008000de0                DMA2_Stream3_IRQHandler
                0x0000000008000de0                SAI2_IRQHandler
                0x0000000008000de0                USART6_IRQHandler
                0x0000000008000de0                USART3_IRQHandler
                0x0000000008000de0                CAN1_RX1_IRQHandler
                0x0000000008000de0                UART5_IRQHandler
                0x0000000008000de0                DMA2_Stream0_IRQHandler
                0x0000000008000de0                TIM4_IRQHandler
                0x0000000008000de0                QUADSPI_IRQHandler
                0x0000000008000de0                I2C1_EV_IRQHandler
                0x0000000008000de0                DMA1_Stream6_IRQHandler
                0x0000000008000de0                DMA1_Stream1_IRQHandler
                0x0000000008000de0                UART4_IRQHandler
                0x0000000008000de0                TIM3_IRQHandler
                0x0000000008000de0                RCC_IRQHandler
                0x0000000008000de0                TIM8_BRK_TIM12_IRQHandler
                0x0000000008000de0                Default_Handler
                0x0000000008000de0                CEC_IRQHandler
                0x0000000008000de0                EXTI15_10_IRQHandler
                0x0000000008000de0                ADC_IRQHandler
                0x0000000008000de0                DMA1_Stream7_IRQHandler
                0x0000000008000de0                TIM7_IRQHandler
                0x0000000008000de0                CAN2_TX_IRQHandler
                0x0000000008000de0                TIM5_IRQHandler
                0x0000000008000de0                DMA2_Stream7_IRQHandler
                0x0000000008000de0                I2C3_EV_IRQHandler
                0x0000000008000de0                EXTI9_5_IRQHandler
                0x0000000008000de0                RTC_WKUP_IRQHandler
                0x0000000008000de0                SPDIF_RX_IRQHandler
                0x0000000008000de0                SPI2_IRQHandler
                0x0000000008000de0                OTG_HS_EP1_IN_IRQHandler
                0x0000000008000de0                DMA1_Stream0_IRQHandler
                0x0000000008000de0                CAN1_TX_IRQHandler
                0x0000000008000de0                FMPI2C1_ER_IRQHandler
                0x0000000008000de0                EXTI4_IRQHandler
                0x0000000008000de0                OTG_HS_EP1_OUT_IRQHandler
                0x0000000008000de0                WWDG_IRQHandler
                0x0000000008000de0                TIM2_IRQHandler
                0x0000000008000de0                OTG_FS_WKUP_IRQHandler
                0x0000000008000de0                TIM1_TRG_COM_TIM11_IRQHandler
                0x0000000008000de0                OTG_HS_IRQHandler
                0x0000000008000de0                EXTI1_IRQHandler
                0x0000000008000de0                USART2_IRQHandler
                0x0000000008000de0                I2C2_ER_IRQHandler
                0x0000000008000de0                DMA2_Stream1_IRQHandler
                0x0000000008000de0                CAN1_SCE_IRQHandler
                0x0000000008000de0                FLASH_IRQHandler
                0x0000000008000de0                DMA2_Stream4_IRQHandler
                0x0000000008000de0                USART1_IRQHandler
                0x0000000008000de0                OTG_FS_IRQHandler
                0x0000000008000de0                SPI3_IRQHandler
                0x0000000008000de0                DMA1_Stream4_IRQHandler
                0x0000000008000de0                I2C1_ER_IRQHandler
                0x0000000008000de0                FMC_IRQHandler
                0x0000000008000de0                DMA2_Stream6_IRQHandler
                0x0000000008000de0                SAI1_IRQHandler
                0x0000000008000de0                RTC_Alarm_IRQHandler
 *fill*         0x0000000008000de2        0x2 
 .text.HAL_Init
                0x0000000008000de4       0x44 ./Drivers/STM32F4xx_HAL_Driver/Src/stm32f4xx_hal.o
                0x0000000008000de4                HAL_Init
 .text.HAL_InitTick
                0x0000000008000e28       0x60 ./Drivers/STM32F4xx_HAL_Driver/Src/stm32f4xx_hal.o
                0x0000000008000e28                HAL_InitTick
 .text.HAL_IncTick
                0x0000000008000e88       0x28 ./Drivers/STM32F4xx_HAL_Driver/Src/stm32f4xx_hal.o
                0x0000000008000e88                HAL_IncTick
 .text.HAL_GetTick
                0x0000000008000eb0       0x18 ./Drivers/STM32F4xx_HAL_Driver/Src/stm32f4xx_hal.o
                0x0000000008000eb0                HAL_GetTick
 .text.HAL_CAN_Init
                0x0000000008000ec8      0x1f6 ./Drivers/STM32F4xx_HAL_Driver/Src/stm32f4xx_hal_can.o
                0x0000000008000ec8                HAL_CAN_Init
 *fill*         0x00000000080010be        0x2 
 .text.__NVIC_SetPriorityGrouping
                0x00000000080010c0       0x48 ./Drivers/STM32F4xx_HAL_Driver/Src/stm32f4xx_hal_cortex.o
 .text.__NVIC_GetPriorityGrouping
                0x0000000008001108       0x1c ./Drivers/STM32F4xx_HAL_Driver/Src/stm32f4xx_hal_cortex.o
 .text.__NVIC_SetPriority
                0x0000000008001124       0x54 ./Drivers/STM32F4xx_HAL_Driver/Src/stm32f4xx_hal_cortex.o
 .text.NVIC_EncodePriority
                0x0000000008001178       0x66 ./Drivers/STM32F4xx_HAL_Driver/Src/stm32f4xx_hal_cortex.o
 *fill*         0x00000000080011de        0x2 
 .text.SysTick_Config
                0x00000000080011e0       0x44 ./Drivers/STM32F4xx_HAL_Driver/Src/stm32f4xx_hal_cortex.o
 .text.HAL_NVIC_SetPriorityGrouping
                0x0000000008001224       0x16 ./Drivers/STM32F4xx_HAL_Driver/Src/stm32f4xx_hal_cortex.o
                0x0000000008001224                HAL_NVIC_SetPriorityGrouping
 .text.HAL_NVIC_SetPriority
                0x000000000800123a       0x38 ./Drivers/STM32F4xx_HAL_Driver/Src/stm32f4xx_hal_cortex.o
                0x000000000800123a                HAL_NVIC_SetPriority
 .text.HAL_SYSTICK_Config
                0x0000000008001272       0x18 ./Drivers/STM32F4xx_HAL_Driver/Src/stm32f4xx_hal_cortex.o
                0x0000000008001272                HAL_SYSTICK_Config
 *fill*         0x000000000800128a        0x2 
 .text.HAL_GPIO_Init
                0x000000000800128c      0x328 ./Drivers/STM32F4xx_HAL_Driver/Src/stm32f4xx_hal_gpio.o
                0x000000000800128c                HAL_GPIO_Init
 .text.HAL_I2C_Init
                0x00000000080015b4      0x288 ./Drivers/STM32F4xx_HAL_Driver/Src/stm32f4xx_hal_i2c.o
                0x00000000080015b4                HAL_I2C_Init
 .text.HAL_I2C_Master_Transmit
                0x000000000800183c      0x1fc ./Drivers/STM32F4xx_HAL_Driver/Src/stm32f4xx_hal_i2c.o
                0x000000000800183c                HAL_I2C_Master_Transmit
 .text.HAL_I2C_Master_Receive
                0x0000000008001a38      0x44c ./Drivers/STM32F4xx_HAL_Driver/Src/stm32f4xx_hal_i2c.o
                0x0000000008001a38                HAL_I2C_Master_Receive
 .text.I2C_MasterRequestWrite
                0x0000000008001e84      0x104 ./Drivers/STM32F4xx_HAL_Driver/Src/stm32f4xx_hal_i2c.o
 .text.I2C_MasterRequestRead
                0x0000000008001f88      0x19c ./Drivers/STM32F4xx_HAL_Driver/Src/stm32f4xx_hal_i2c.o
 .text.I2C_WaitOnFlagUntilTimeout
                0x0000000008002124       0xae ./Drivers/STM32F4xx_HAL_Driver/Src/stm32f4xx_hal_i2c.o
 .text.I2C_WaitOnMasterAddressFlagUntilTimeout
                0x00000000080021d2       0xfe ./Drivers/STM32F4xx_HAL_Driver/Src/stm32f4xx_hal_i2c.o
 .text.I2C_WaitOnTXEFlagUntilTimeout
                0x00000000080022d0       0x82 ./Drivers/STM32F4xx_HAL_Driver/Src/stm32f4xx_hal_i2c.o
 .text.I2C_WaitOnBTFFlagUntilTimeout
                0x0000000008002352       0x82 ./Drivers/STM32F4xx_HAL_Driver/Src/stm32f4xx_hal_i2c.o
 .text.I2C_WaitOnRXNEFlagUntilTimeout
                0x00000000080023d4       0xac ./Drivers/STM32F4xx_HAL_Driver/Src/stm32f4xx_hal_i2c.o
 .text.I2C_IsAcknowledgeFailed
                0x0000000008002480       0x5e ./Drivers/STM32F4xx_HAL_Driver/Src/stm32f4xx_hal_i2c.o
 *fill*         0x00000000080024de        0x2 
 .text.HAL_RCC_ClockConfig
                0x00000000080024e0      0x1cc ./Drivers/STM32F4xx_HAL_Driver/Src/stm32f4xx_hal_rcc.o
                0x00000000080024e0                HAL_RCC_ClockConfig
 .text.HAL_RCC_GetHCLKFreq
                0x00000000080026ac       0x18 ./Drivers/STM32F4xx_HAL_Driver/Src/stm32f4xx_hal_rcc.o
                0x00000000080026ac                HAL_RCC_GetHCLKFreq
 .text.HAL_RCC_GetPCLK1Freq
                0x00000000080026c4       0x28 ./Drivers/STM32F4xx_HAL_Driver/Src/stm32f4xx_hal_rcc.o
                0x00000000080026c4                HAL_RCC_GetPCLK1Freq
 .text.HAL_RCC_GetPCLK2Freq
                0x00000000080026ec       0x28 ./Drivers/STM32F4xx_HAL_Driver/Src/stm32f4xx_hal_rcc.o
                0x00000000080026ec                HAL_RCC_GetPCLK2Freq
 .text.HAL_RCC_GetSysClockFreq
                0x0000000008002714      0x460 ./Drivers/STM32F4xx_HAL_Driver/Src/stm32f4xx_hal_rcc_ex.o
                0x0000000008002714                HAL_RCC_GetSysClockFreq
 .text.HAL_RCC_OscConfig
                0x0000000008002b74      0x53c ./Drivers/STM32F4xx_HAL_Driver/Src/stm32f4xx_hal_rcc_ex.o
                0x0000000008002b74                HAL_RCC_OscConfig
 .text.HAL_UART_Init
                0x00000000080030b0       0x9a ./Drivers/STM32F4xx_HAL_Driver/Src/stm32f4xx_hal_uart.o
                0x00000000080030b0                HAL_UART_Init
 .text.HAL_UART_Transmit
                0x000000000800314a      0x124 ./Drivers/STM32F4xx_HAL_Driver/Src/stm32f4xx_hal_uart.o
                0x000000000800314a                HAL_UART_Transmit
 .text.HAL_UART_Receive
                0x000000000800326e      0x144 ./Drivers/STM32F4xx_HAL_Driver/Src/stm32f4xx_hal_uart.o
                0x000000000800326e                HAL_UART_Receive
 .text.UART_WaitOnFlagUntilTimeout
                0x00000000080033b2       0xdc ./Drivers/STM32F4xx_HAL_Driver/Src/stm32f4xx_hal_uart.o
 *fill*         0x000000000800348e        0x2 
 .text.UART_SetConfig
                0x0000000008003490      0x4e8 ./Drivers/STM32F4xx_HAL_Driver/Src/stm32f4xx_hal_uart.o
 .text.__errno  0x0000000008003978        0xc /Applications/STM32CubeIDE.app/Contents/Eclipse/plugins/com.st.stm32cube.ide.mcu.externaltools.gnu-tools-for-stm32.10.3-2021.10.macos64_1.0.0.202111181127/tools/bin/../lib/gcc/arm-none-eabi/10.3.1/../../../../arm-none-eabi/lib/thumb/v7e-m+fp/hard/libc_nano.a(lib_a-errno.o)
                0x0000000008003978                __errno
 .text.__libc_init_array
                0x0000000008003984       0x48 /Applications/STM32CubeIDE.app/Contents/Eclipse/plugins/com.st.stm32cube.ide.mcu.externaltools.gnu-tools-for-stm32.10.3-2021.10.macos64_1.0.0.202111181127/tools/bin/../lib/gcc/arm-none-eabi/10.3.1/../../../../arm-none-eabi/lib/thumb/v7e-m+fp/hard/libc_nano.a(lib_a-init.o)
                0x0000000008003984                __libc_init_array
 .text.memset   0x00000000080039cc       0x10 /Applications/STM32CubeIDE.app/Contents/Eclipse/plugins/com.st.stm32cube.ide.mcu.externaltools.gnu-tools-for-stm32.10.3-2021.10.macos64_1.0.0.202111181127/tools/bin/../lib/gcc/arm-none-eabi/10.3.1/../../../../arm-none-eabi/lib/thumb/v7e-m+fp/hard/libc_nano.a(lib_a-memset.o)
                0x00000000080039cc                memset
 .text.printf   0x00000000080039dc       0x30 /Applications/STM32CubeIDE.app/Contents/Eclipse/plugins/com.st.stm32cube.ide.mcu.externaltools.gnu-tools-for-stm32.10.3-2021.10.macos64_1.0.0.202111181127/tools/bin/../lib/gcc/arm-none-eabi/10.3.1/../../../../arm-none-eabi/lib/thumb/v7e-m+fp/hard/libc_nano.a(lib_a-printf.o)
                0x00000000080039dc                printf
                0x00000000080039dc                iprintf
 .text._puts_r  0x0000000008003a0c       0xdc /Applications/STM32CubeIDE.app/Contents/Eclipse/plugins/com.st.stm32cube.ide.mcu.externaltools.gnu-tools-for-stm32.10.3-2021.10.macos64_1.0.0.202111181127/tools/bin/../lib/gcc/arm-none-eabi/10.3.1/../../../../arm-none-eabi/lib/thumb/v7e-m+fp/hard/libc_nano.a(lib_a-puts.o)
                0x0000000008003a0c                _puts_r
 .text.puts     0x0000000008003ae8       0x10 /Applications/STM32CubeIDE.app/Contents/Eclipse/plugins/com.st.stm32cube.ide.mcu.externaltools.gnu-tools-for-stm32.10.3-2021.10.macos64_1.0.0.202111181127/tools/bin/../lib/gcc/arm-none-eabi/10.3.1/../../../../arm-none-eabi/lib/thumb/v7e-m+fp/hard/libc_nano.a(lib_a-puts.o)
                0x0000000008003ae8                puts
 .text.__swbuf_r
                0x0000000008003af8       0xa4 /Applications/STM32CubeIDE.app/Contents/Eclipse/plugins/com.st.stm32cube.ide.mcu.externaltools.gnu-tools-for-stm32.10.3-2021.10.macos64_1.0.0.202111181127/tools/bin/../lib/gcc/arm-none-eabi/10.3.1/../../../../arm-none-eabi/lib/thumb/v7e-m+fp/hard/libc_nano.a(lib_a-wbuf.o)
                0x0000000008003af8                __swbuf_r
 .text.__swsetup_r
                0x0000000008003b9c       0xdc /Applications/STM32CubeIDE.app/Contents/Eclipse/plugins/com.st.stm32cube.ide.mcu.externaltools.gnu-tools-for-stm32.10.3-2021.10.macos64_1.0.0.202111181127/tools/bin/../lib/gcc/arm-none-eabi/10.3.1/../../../../arm-none-eabi/lib/thumb/v7e-m+fp/hard/libc_nano.a(lib_a-wsetup.o)
                0x0000000008003b9c                __swsetup_r
 .text.__sflush_r
                0x0000000008003c78      0x10c /Applications/STM32CubeIDE.app/Contents/Eclipse/plugins/com.st.stm32cube.ide.mcu.externaltools.gnu-tools-for-stm32.10.3-2021.10.macos64_1.0.0.202111181127/tools/bin/../lib/gcc/arm-none-eabi/10.3.1/../../../../arm-none-eabi/lib/thumb/v7e-m+fp/hard/libc_nano.a(lib_a-fflush.o)
                0x0000000008003c78                __sflush_r
 .text._fflush_r
                0x0000000008003d84       0x78 /Applications/STM32CubeIDE.app/Contents/Eclipse/plugins/com.st.stm32cube.ide.mcu.externaltools.gnu-tools-for-stm32.10.3-2021.10.macos64_1.0.0.202111181127/tools/bin/../lib/gcc/arm-none-eabi/10.3.1/../../../../arm-none-eabi/lib/thumb/v7e-m+fp/hard/libc_nano.a(lib_a-fflush.o)
                0x0000000008003d84                _fflush_r
 .text.std      0x0000000008003dfc       0x48 /Applications/STM32CubeIDE.app/Contents/Eclipse/plugins/com.st.stm32cube.ide.mcu.externaltools.gnu-tools-for-stm32.10.3-2021.10.macos64_1.0.0.202111181127/tools/bin/../lib/gcc/arm-none-eabi/10.3.1/../../../../arm-none-eabi/lib/thumb/v7e-m+fp/hard/libc_nano.a(lib_a-findfp.o)
 .text._cleanup_r
                0x0000000008003e44        0xc /Applications/STM32CubeIDE.app/Contents/Eclipse/plugins/com.st.stm32cube.ide.mcu.externaltools.gnu-tools-for-stm32.10.3-2021.10.macos64_1.0.0.202111181127/tools/bin/../lib/gcc/arm-none-eabi/10.3.1/../../../../arm-none-eabi/lib/thumb/v7e-m+fp/hard/libc_nano.a(lib_a-findfp.o)
                0x0000000008003e44                _cleanup_r
 .text.__sfmoreglue
                0x0000000008003e50       0x2c /Applications/STM32CubeIDE.app/Contents/Eclipse/plugins/com.st.stm32cube.ide.mcu.externaltools.gnu-tools-for-stm32.10.3-2021.10.macos64_1.0.0.202111181127/tools/bin/../lib/gcc/arm-none-eabi/10.3.1/../../../../arm-none-eabi/lib/thumb/v7e-m+fp/hard/libc_nano.a(lib_a-findfp.o)
                0x0000000008003e50                __sfmoreglue
 .text.__sfp_lock_acquire
                0x0000000008003e7c        0xc /Applications/STM32CubeIDE.app/Contents/Eclipse/plugins/com.st.stm32cube.ide.mcu.externaltools.gnu-tools-for-stm32.10.3-2021.10.macos64_1.0.0.202111181127/tools/bin/../lib/gcc/arm-none-eabi/10.3.1/../../../../arm-none-eabi/lib/thumb/v7e-m+fp/hard/libc_nano.a(lib_a-findfp.o)
                0x0000000008003e7c                __sfp_lock_acquire
 .text.__sfp_lock_release
                0x0000000008003e88        0xc /Applications/STM32CubeIDE.app/Contents/Eclipse/plugins/com.st.stm32cube.ide.mcu.externaltools.gnu-tools-for-stm32.10.3-2021.10.macos64_1.0.0.202111181127/tools/bin/../lib/gcc/arm-none-eabi/10.3.1/../../../../arm-none-eabi/lib/thumb/v7e-m+fp/hard/libc_nano.a(lib_a-findfp.o)
                0x0000000008003e88                __sfp_lock_release
 .text.__sinit_lock_acquire
                0x0000000008003e94        0xc /Applications/STM32CubeIDE.app/Contents/Eclipse/plugins/com.st.stm32cube.ide.mcu.externaltools.gnu-tools-for-stm32.10.3-2021.10.macos64_1.0.0.202111181127/tools/bin/../lib/gcc/arm-none-eabi/10.3.1/../../../../arm-none-eabi/lib/thumb/v7e-m+fp/hard/libc_nano.a(lib_a-findfp.o)
                0x0000000008003e94                __sinit_lock_acquire
 .text.__sinit_lock_release
                0x0000000008003ea0        0xc /Applications/STM32CubeIDE.app/Contents/Eclipse/plugins/com.st.stm32cube.ide.mcu.externaltools.gnu-tools-for-stm32.10.3-2021.10.macos64_1.0.0.202111181127/tools/bin/../lib/gcc/arm-none-eabi/10.3.1/../../../../arm-none-eabi/lib/thumb/v7e-m+fp/hard/libc_nano.a(lib_a-findfp.o)
                0x0000000008003ea0                __sinit_lock_release
 .text.__sinit  0x0000000008003eac       0x70 /Applications/STM32CubeIDE.app/Contents/Eclipse/plugins/com.st.stm32cube.ide.mcu.externaltools.gnu-tools-for-stm32.10.3-2021.10.macos64_1.0.0.202111181127/tools/bin/../lib/gcc/arm-none-eabi/10.3.1/../../../../arm-none-eabi/lib/thumb/v7e-m+fp/hard/libc_nano.a(lib_a-findfp.o)
                0x0000000008003eac                __sinit
 .text.__sfp    0x0000000008003f1c       0x8c /Applications/STM32CubeIDE.app/Contents/Eclipse/plugins/com.st.stm32cube.ide.mcu.externaltools.gnu-tools-for-stm32.10.3-2021.10.macos64_1.0.0.202111181127/tools/bin/../lib/gcc/arm-none-eabi/10.3.1/../../../../arm-none-eabi/lib/thumb/v7e-m+fp/hard/libc_nano.a(lib_a-findfp.o)
                0x0000000008003f1c                __sfp
 .text._fwalk_reent
                0x0000000008003fa8       0x3e /Applications/STM32CubeIDE.app/Contents/Eclipse/plugins/com.st.stm32cube.ide.mcu.externaltools.gnu-tools-for-stm32.10.3-2021.10.macos64_1.0.0.202111181127/tools/bin/../lib/gcc/arm-none-eabi/10.3.1/../../../../arm-none-eabi/lib/thumb/v7e-m+fp/hard/libc_nano.a(lib_a-fwalk.o)
                0x0000000008003fa8                _fwalk_reent
 .text.__retarget_lock_init_recursive
                0x0000000008003fe6        0x2 /Applications/STM32CubeIDE.app/Contents/Eclipse/plugins/com.st.stm32cube.ide.mcu.externaltools.gnu-tools-for-stm32.10.3-2021.10.macos64_1.0.0.202111181127/tools/bin/../lib/gcc/arm-none-eabi/10.3.1/../../../../arm-none-eabi/lib/thumb/v7e-m+fp/hard/libc_nano.a(lib_a-lock.o)
                0x0000000008003fe6                __retarget_lock_init_recursive
 .text.__retarget_lock_acquire_recursive
                0x0000000008003fe8        0x2 /Applications/STM32CubeIDE.app/Contents/Eclipse/plugins/com.st.stm32cube.ide.mcu.externaltools.gnu-tools-for-stm32.10.3-2021.10.macos64_1.0.0.202111181127/tools/bin/../lib/gcc/arm-none-eabi/10.3.1/../../../../arm-none-eabi/lib/thumb/v7e-m+fp/hard/libc_nano.a(lib_a-lock.o)
                0x0000000008003fe8                __retarget_lock_acquire_recursive
 .text.__retarget_lock_release_recursive
                0x0000000008003fea        0x2 /Applications/STM32CubeIDE.app/Contents/Eclipse/plugins/com.st.stm32cube.ide.mcu.externaltools.gnu-tools-for-stm32.10.3-2021.10.macos64_1.0.0.202111181127/tools/bin/../lib/gcc/arm-none-eabi/10.3.1/../../../../arm-none-eabi/lib/thumb/v7e-m+fp/hard/libc_nano.a(lib_a-lock.o)
                0x0000000008003fea                __retarget_lock_release_recursive
 .text.__swhatbuf_r
                0x0000000008003fec       0x4a /Applications/STM32CubeIDE.app/Contents/Eclipse/plugins/com.st.stm32cube.ide.mcu.externaltools.gnu-tools-for-stm32.10.3-2021.10.macos64_1.0.0.202111181127/tools/bin/../lib/gcc/arm-none-eabi/10.3.1/../../../../arm-none-eabi/lib/thumb/v7e-m+fp/hard/libc_nano.a(lib_a-makebuf.o)
                0x0000000008003fec                __swhatbuf_r
 *fill*         0x0000000008004036        0x2 
 .text.__smakebuf_r
                0x0000000008004038       0x80 /Applications/STM32CubeIDE.app/Contents/Eclipse/plugins/com.st.stm32cube.ide.mcu.externaltools.gnu-tools-for-stm32.10.3-2021.10.macos64_1.0.0.202111181127/tools/bin/../lib/gcc/arm-none-eabi/10.3.1/../../../../arm-none-eabi/lib/thumb/v7e-m+fp/hard/libc_nano.a(lib_a-makebuf.o)
                0x0000000008004038                __smakebuf_r
 .text._free_r  0x00000000080040b8       0x98 /Applications/STM32CubeIDE.app/Contents/Eclipse/plugins/com.st.stm32cube.ide.mcu.externaltools.gnu-tools-for-stm32.10.3-2021.10.macos64_1.0.0.202111181127/tools/bin/../lib/gcc/arm-none-eabi/10.3.1/../../../../arm-none-eabi/lib/thumb/v7e-m+fp/hard/libc_nano.a(lib_a-nano-freer.o)
                0x00000000080040b8                _free_r
 .text.sbrk_aligned
                0x0000000008004150       0x40 /Applications/STM32CubeIDE.app/Contents/Eclipse/plugins/com.st.stm32cube.ide.mcu.externaltools.gnu-tools-for-stm32.10.3-2021.10.macos64_1.0.0.202111181127/tools/bin/../lib/gcc/arm-none-eabi/10.3.1/../../../../arm-none-eabi/lib/thumb/v7e-m+fp/hard/libc_nano.a(lib_a-nano-mallocr.o)
 .text._malloc_r
                0x0000000008004190       0xe8 /Applications/STM32CubeIDE.app/Contents/Eclipse/plugins/com.st.stm32cube.ide.mcu.externaltools.gnu-tools-for-stm32.10.3-2021.10.macos64_1.0.0.202111181127/tools/bin/../lib/gcc/arm-none-eabi/10.3.1/../../../../arm-none-eabi/lib/thumb/v7e-m+fp/hard/libc_nano.a(lib_a-nano-mallocr.o)
                0x0000000008004190                _malloc_r
 .text.__sfputc_r
                0x0000000008004278       0x2e /Applications/STM32CubeIDE.app/Contents/Eclipse/plugins/com.st.stm32cube.ide.mcu.externaltools.gnu-tools-for-stm32.10.3-2021.10.macos64_1.0.0.202111181127/tools/bin/../lib/gcc/arm-none-eabi/10.3.1/../../../../arm-none-eabi/lib/thumb/v7e-m+fp/hard/libc_nano.a(lib_a-nano-vfprintf.o)
 .text.__sfputs_r
                0x00000000080042a6       0x24 /Applications/STM32CubeIDE.app/Contents/Eclipse/plugins/com.st.stm32cube.ide.mcu.externaltools.gnu-tools-for-stm32.10.3-2021.10.macos64_1.0.0.202111181127/tools/bin/../lib/gcc/arm-none-eabi/10.3.1/../../../../arm-none-eabi/lib/thumb/v7e-m+fp/hard/libc_nano.a(lib_a-nano-vfprintf.o)
                0x00000000080042a6                __sfputs_r
 *fill*         0x00000000080042ca        0x2 
 .text._vfprintf_r
                0x00000000080042cc      0x260 /Applications/STM32CubeIDE.app/Contents/Eclipse/plugins/com.st.stm32cube.ide.mcu.externaltools.gnu-tools-for-stm32.10.3-2021.10.macos64_1.0.0.202111181127/tools/bin/../lib/gcc/arm-none-eabi/10.3.1/../../../../arm-none-eabi/lib/thumb/v7e-m+fp/hard/libc_nano.a(lib_a-nano-vfprintf.o)
                0x00000000080042cc                _vfiprintf_r
                0x00000000080042cc                _vfprintf_r
 .text._printf_common
                0x000000000800452c       0xda /Applications/STM32CubeIDE.app/Contents/Eclipse/plugins/com.st.stm32cube.ide.mcu.externaltools.gnu-tools-for-stm32.10.3-2021.10.macos64_1.0.0.202111181127/tools/bin/../lib/gcc/arm-none-eabi/10.3.1/../../../../arm-none-eabi/lib/thumb/v7e-m+fp/hard/libc_nano.a(lib_a-nano-vfprintf_i.o)
                0x000000000800452c                _printf_common
 *fill*         0x0000000008004606        0x2 
 .text._printf_i
                0x0000000008004608      0x24c /Applications/STM32CubeIDE.app/Contents/Eclipse/plugins/com.st.stm32cube.ide.mcu.externaltools.gnu-tools-for-stm32.10.3-2021.10.macos64_1.0.0.202111181127/tools/bin/../lib/gcc/arm-none-eabi/10.3.1/../../../../arm-none-eabi/lib/thumb/v7e-m+fp/hard/libc_nano.a(lib_a-nano-vfprintf_i.o)
                0x0000000008004608                _printf_i
 .text._sbrk_r  0x0000000008004854       0x20 /Applications/STM32CubeIDE.app/Contents/Eclipse/plugins/com.st.stm32cube.ide.mcu.externaltools.gnu-tools-for-stm32.10.3-2021.10.macos64_1.0.0.202111181127/tools/bin/../lib/gcc/arm-none-eabi/10.3.1/../../../../arm-none-eabi/lib/thumb/v7e-m+fp/hard/libc_nano.a(lib_a-sbrkr.o)
                0x0000000008004854                _sbrk_r
 .text.__sread  0x0000000008004874       0x22 /Applications/STM32CubeIDE.app/Contents/Eclipse/plugins/com.st.stm32cube.ide.mcu.externaltools.gnu-tools-for-stm32.10.3-2021.10.macos64_1.0.0.202111181127/tools/bin/../lib/gcc/arm-none-eabi/10.3.1/../../../../arm-none-eabi/lib/thumb/v7e-m+fp/hard/libc_nano.a(lib_a-stdio.o)
                0x0000000008004874                __sread
 .text.__swrite
                0x0000000008004896       0x38 /Applications/STM32CubeIDE.app/Contents/Eclipse/plugins/com.st.stm32cube.ide.mcu.externaltools.gnu-tools-for-stm32.10.3-2021.10.macos64_1.0.0.202111181127/tools/bin/../lib/gcc/arm-none-eabi/10.3.1/../../../../arm-none-eabi/lib/thumb/v7e-m+fp/hard/libc_nano.a(lib_a-stdio.o)
                0x0000000008004896                __swrite
 .text.__sseek  0x00000000080048ce       0x24 /Applications/STM32CubeIDE.app/Contents/Eclipse/plugins/com.st.stm32cube.ide.mcu.externaltools.gnu-tools-for-stm32.10.3-2021.10.macos64_1.0.0.202111181127/tools/bin/../lib/gcc/arm-none-eabi/10.3.1/../../../../arm-none-eabi/lib/thumb/v7e-m+fp/hard/libc_nano.a(lib_a-stdio.o)
                0x00000000080048ce                __sseek
 .text.__sclose
                0x00000000080048f2        0x8 /Applications/STM32CubeIDE.app/Contents/Eclipse/plugins/com.st.stm32cube.ide.mcu.externaltools.gnu-tools-for-stm32.10.3-2021.10.macos64_1.0.0.202111181127/tools/bin/../lib/gcc/arm-none-eabi/10.3.1/../../../../arm-none-eabi/lib/thumb/v7e-m+fp/hard/libc_nano.a(lib_a-stdio.o)
                0x00000000080048f2                __sclose
 *fill*         0x00000000080048fa        0x2 
 .text._write_r
                0x00000000080048fc       0x24 /Applications/STM32CubeIDE.app/Contents/Eclipse/plugins/com.st.stm32cube.ide.mcu.externaltools.gnu-tools-for-stm32.10.3-2021.10.macos64_1.0.0.202111181127/tools/bin/../lib/gcc/arm-none-eabi/10.3.1/../../../../arm-none-eabi/lib/thumb/v7e-m+fp/hard/libc_nano.a(lib_a-writer.o)
                0x00000000080048fc                _write_r
 .text._close_r
                0x0000000008004920       0x20 /Applications/STM32CubeIDE.app/Contents/Eclipse/plugins/com.st.stm32cube.ide.mcu.externaltools.gnu-tools-for-stm32.10.3-2021.10.macos64_1.0.0.202111181127/tools/bin/../lib/gcc/arm-none-eabi/10.3.1/../../../../arm-none-eabi/lib/thumb/v7e-m+fp/hard/libc_nano.a(lib_a-closer.o)
                0x0000000008004920                _close_r
 .text._fstat_r
                0x0000000008004940       0x24 /Applications/STM32CubeIDE.app/Contents/Eclipse/plugins/com.st.stm32cube.ide.mcu.externaltools.gnu-tools-for-stm32.10.3-2021.10.macos64_1.0.0.202111181127/tools/bin/../lib/gcc/arm-none-eabi/10.3.1/../../../../arm-none-eabi/lib/thumb/v7e-m+fp/hard/libc_nano.a(lib_a-fstatr.o)
                0x0000000008004940                _fstat_r
 .text._isatty_r
                0x0000000008004964       0x20 /Applications/STM32CubeIDE.app/Contents/Eclipse/plugins/com.st.stm32cube.ide.mcu.externaltools.gnu-tools-for-stm32.10.3-2021.10.macos64_1.0.0.202111181127/tools/bin/../lib/gcc/arm-none-eabi/10.3.1/../../../../arm-none-eabi/lib/thumb/v7e-m+fp/hard/libc_nano.a(lib_a-isattyr.o)
                0x0000000008004964                _isatty_r
 .text._lseek_r
                0x0000000008004984       0x24 /Applications/STM32CubeIDE.app/Contents/Eclipse/plugins/com.st.stm32cube.ide.mcu.externaltools.gnu-tools-for-stm32.10.3-2021.10.macos64_1.0.0.202111181127/tools/bin/../lib/gcc/arm-none-eabi/10.3.1/../../../../arm-none-eabi/lib/thumb/v7e-m+fp/hard/libc_nano.a(lib_a-lseekr.o)
                0x0000000008004984                _lseek_r
 .text.__malloc_lock
                0x00000000080049a8        0xc /Applications/STM32CubeIDE.app/Contents/Eclipse/plugins/com.st.stm32cube.ide.mcu.externaltools.gnu-tools-for-stm32.10.3-2021.10.macos64_1.0.0.202111181127/tools/bin/../lib/gcc/arm-none-eabi/10.3.1/../../../../arm-none-eabi/lib/thumb/v7e-m+fp/hard/libc_nano.a(lib_a-mlock.o)
                0x00000000080049a8                __malloc_lock
 .text.__malloc_unlock
                0x00000000080049b4        0xc /Applications/STM32CubeIDE.app/Contents/Eclipse/plugins/com.st.stm32cube.ide.mcu.externaltools.gnu-tools-for-stm32.10.3-2021.10.macos64_1.0.0.202111181127/tools/bin/../lib/gcc/arm-none-eabi/10.3.1/../../../../arm-none-eabi/lib/thumb/v7e-m+fp/hard/libc_nano.a(lib_a-mlock.o)
                0x00000000080049b4                __malloc_unlock
 .text._read_r  0x00000000080049c0       0x24 /Applications/STM32CubeIDE.app/Contents/Eclipse/plugins/com.st.stm32cube.ide.mcu.externaltools.gnu-tools-for-stm32.10.3-2021.10.macos64_1.0.0.202111181127/tools/bin/../lib/gcc/arm-none-eabi/10.3.1/../../../../arm-none-eabi/lib/thumb/v7e-m+fp/hard/libc_nano.a(lib_a-readr.o)
                0x00000000080049c0                _read_r
 *(.glue_7)
 .glue_7        0x00000000080049e4        0x0 linker stubs
 *(.glue_7t)
 .glue_7t       0x00000000080049e4        0x0 linker stubs
 *(.eh_frame)
 .eh_frame      0x00000000080049e4        0x0 /Applications/STM32CubeIDE.app/Contents/Eclipse/plugins/com.st.stm32cube.ide.mcu.externaltools.gnu-tools-for-stm32.10.3-2021.10.macos64_1.0.0.202111181127/tools/bin/../lib/gcc/arm-none-eabi/10.3.1/thumb/v7e-m+fp/hard/crtbegin.o
 *(.init)
 .init          0x00000000080049e4        0x4 /Applications/STM32CubeIDE.app/Contents/Eclipse/plugins/com.st.stm32cube.ide.mcu.externaltools.gnu-tools-for-stm32.10.3-2021.10.macos64_1.0.0.202111181127/tools/bin/../lib/gcc/arm-none-eabi/10.3.1/thumb/v7e-m+fp/hard/crti.o
                0x00000000080049e4                _init
 .init          0x00000000080049e8        0x8 /Applications/STM32CubeIDE.app/Contents/Eclipse/plugins/com.st.stm32cube.ide.mcu.externaltools.gnu-tools-for-stm32.10.3-2021.10.macos64_1.0.0.202111181127/tools/bin/../lib/gcc/arm-none-eabi/10.3.1/thumb/v7e-m+fp/hard/crtn.o
 *(.fini)
 .fini          0x00000000080049f0        0x4 /Applications/STM32CubeIDE.app/Contents/Eclipse/plugins/com.st.stm32cube.ide.mcu.externaltools.gnu-tools-for-stm32.10.3-2021.10.macos64_1.0.0.202111181127/tools/bin/../lib/gcc/arm-none-eabi/10.3.1/thumb/v7e-m+fp/hard/crti.o
                0x00000000080049f0                _fini
 .fini          0x00000000080049f4        0x8 /Applications/STM32CubeIDE.app/Contents/Eclipse/plugins/com.st.stm32cube.ide.mcu.externaltools.gnu-tools-for-stm32.10.3-2021.10.macos64_1.0.0.202111181127/tools/bin/../lib/gcc/arm-none-eabi/10.3.1/thumb/v7e-m+fp/hard/crtn.o
                0x00000000080049fc                . = ALIGN (0x4)
                0x00000000080049fc                _etext = .

.vfp11_veneer   0x00000000080049fc        0x0
 .vfp11_veneer  0x00000000080049fc        0x0 linker stubs

.v4_bx          0x00000000080049fc        0x0
 .v4_bx         0x00000000080049fc        0x0 linker stubs

.iplt           0x00000000080049fc        0x0
 .iplt          0x00000000080049fc        0x0 /Applications/STM32CubeIDE.app/Contents/Eclipse/plugins/com.st.stm32cube.ide.mcu.externaltools.gnu-tools-for-stm32.10.3-2021.10.macos64_1.0.0.202111181127/tools/bin/../lib/gcc/arm-none-eabi/10.3.1/thumb/v7e-m+fp/hard/crtbegin.o

.rodata         0x00000000080049fc       0xc4
                0x00000000080049fc                . = ALIGN (0x4)
 *(.rodata)
 .rodata        0x00000000080049fc       0x11 ./Core/Src/main.o
 *(.rodata*)
 *fill*         0x0000000008004a0d        0x3 
 .rodata.AHBPrescTable
                0x0000000008004a10       0x10 ./Core/Src/system_stm32f4xx.o
                0x0000000008004a10                AHBPrescTable
 .rodata.APBPrescTable
                0x0000000008004a20        0x8 ./Core/Src/system_stm32f4xx.o
                0x0000000008004a20                APBPrescTable
 .rodata._global_impure_ptr
                0x0000000008004a28        0x4 /Applications/STM32CubeIDE.app/Contents/Eclipse/plugins/com.st.stm32cube.ide.mcu.externaltools.gnu-tools-for-stm32.10.3-2021.10.macos64_1.0.0.202111181127/tools/bin/../lib/gcc/arm-none-eabi/10.3.1/../../../../arm-none-eabi/lib/thumb/v7e-m+fp/hard/libc_nano.a(lib_a-impure.o)
                0x0000000008004a28                _global_impure_ptr
 .rodata.__sf_fake_stderr
                0x0000000008004a2c       0x20 /Applications/STM32CubeIDE.app/Contents/Eclipse/plugins/com.st.stm32cube.ide.mcu.externaltools.gnu-tools-for-stm32.10.3-2021.10.macos64_1.0.0.202111181127/tools/bin/../lib/gcc/arm-none-eabi/10.3.1/../../../../arm-none-eabi/lib/thumb/v7e-m+fp/hard/libc_nano.a(lib_a-findfp.o)
                0x0000000008004a2c                __sf_fake_stderr
 .rodata.__sf_fake_stdin
                0x0000000008004a4c       0x20 /Applications/STM32CubeIDE.app/Contents/Eclipse/plugins/com.st.stm32cube.ide.mcu.externaltools.gnu-tools-for-stm32.10.3-2021.10.macos64_1.0.0.202111181127/tools/bin/../lib/gcc/arm-none-eabi/10.3.1/../../../../arm-none-eabi/lib/thumb/v7e-m+fp/hard/libc_nano.a(lib_a-findfp.o)
                0x0000000008004a4c                __sf_fake_stdin
 .rodata.__sf_fake_stdout
                0x0000000008004a6c       0x20 /Applications/STM32CubeIDE.app/Contents/Eclipse/plugins/com.st.stm32cube.ide.mcu.externaltools.gnu-tools-for-stm32.10.3-2021.10.macos64_1.0.0.202111181127/tools/bin/../lib/gcc/arm-none-eabi/10.3.1/../../../../arm-none-eabi/lib/thumb/v7e-m+fp/hard/libc_nano.a(lib_a-findfp.o)
                0x0000000008004a6c                __sf_fake_stdout
 .rodata._vfprintf_r.str1.1
                0x0000000008004a8c       0x11 /Applications/STM32CubeIDE.app/Contents/Eclipse/plugins/com.st.stm32cube.ide.mcu.externaltools.gnu-tools-for-stm32.10.3-2021.10.macos64_1.0.0.202111181127/tools/bin/../lib/gcc/arm-none-eabi/10.3.1/../../../../arm-none-eabi/lib/thumb/v7e-m+fp/hard/libc_nano.a(lib_a-nano-vfprintf.o)
 .rodata._printf_i.str1.1
                0x0000000008004a9d       0x22 /Applications/STM32CubeIDE.app/Contents/Eclipse/plugins/com.st.stm32cube.ide.mcu.externaltools.gnu-tools-for-stm32.10.3-2021.10.macos64_1.0.0.202111181127/tools/bin/../lib/gcc/arm-none-eabi/10.3.1/../../../../arm-none-eabi/lib/thumb/v7e-m+fp/hard/libc_nano.a(lib_a-nano-vfprintf_i.o)
                0x0000000008004ac0                . = ALIGN (0x4)
 *fill*         0x0000000008004abf        0x1 

.ARM.extab      0x0000000008004ac0        0x0
                0x0000000008004ac0                . = ALIGN (0x4)
 *(.ARM.extab* .gnu.linkonce.armextab.*)
                0x0000000008004ac0                . = ALIGN (0x4)

.ARM            0x0000000008004ac0        0x8
                0x0000000008004ac0                . = ALIGN (0x4)
                0x0000000008004ac0                __exidx_start = .
 *(.ARM.exidx*)
 .ARM.exidx     0x0000000008004ac0        0x8 /Applications/STM32CubeIDE.app/Contents/Eclipse/plugins/com.st.stm32cube.ide.mcu.externaltools.gnu-tools-for-stm32.10.3-2021.10.macos64_1.0.0.202111181127/tools/bin/../lib/gcc/arm-none-eabi/10.3.1/thumb/v7e-m+fp/hard/libgcc.a(_udivmoddi4.o)
                0x0000000008004ac8                __exidx_end = .
                0x0000000008004ac8                . = ALIGN (0x4)

.rel.dyn        0x0000000008004ac8        0x0
 .rel.iplt      0x0000000008004ac8        0x0 /Applications/STM32CubeIDE.app/Contents/Eclipse/plugins/com.st.stm32cube.ide.mcu.externaltools.gnu-tools-for-stm32.10.3-2021.10.macos64_1.0.0.202111181127/tools/bin/../lib/gcc/arm-none-eabi/10.3.1/thumb/v7e-m+fp/hard/crtbegin.o

.preinit_array  0x0000000008004ac8        0x0
                0x0000000008004ac8                . = ALIGN (0x4)
                0x0000000008004ac8                PROVIDE (__preinit_array_start = .)
 *(.preinit_array*)
                0x0000000008004ac8                PROVIDE (__preinit_array_end = .)
                0x0000000008004ac8                . = ALIGN (0x4)

.init_array     0x0000000008004ac8        0x4
                0x0000000008004ac8                . = ALIGN (0x4)
                0x0000000008004ac8                PROVIDE (__init_array_start = .)
 *(SORT_BY_NAME(.init_array.*))
 *(.init_array*)
 .init_array    0x0000000008004ac8        0x4 /Applications/STM32CubeIDE.app/Contents/Eclipse/plugins/com.st.stm32cube.ide.mcu.externaltools.gnu-tools-for-stm32.10.3-2021.10.macos64_1.0.0.202111181127/tools/bin/../lib/gcc/arm-none-eabi/10.3.1/thumb/v7e-m+fp/hard/crtbegin.o
                0x0000000008004acc                PROVIDE (__init_array_end = .)
                0x0000000008004acc                . = ALIGN (0x4)

.fini_array     0x0000000008004acc        0x4
                0x0000000008004acc                . = ALIGN (0x4)
                [!provide]                        PROVIDE (__fini_array_start = .)
 *(SORT_BY_NAME(.fini_array.*))
 *(.fini_array*)
 .fini_array    0x0000000008004acc        0x4 /Applications/STM32CubeIDE.app/Contents/Eclipse/plugins/com.st.stm32cube.ide.mcu.externaltools.gnu-tools-for-stm32.10.3-2021.10.macos64_1.0.0.202111181127/tools/bin/../lib/gcc/arm-none-eabi/10.3.1/thumb/v7e-m+fp/hard/crtbegin.o
                [!provide]                        PROVIDE (__fini_array_end = .)
                0x0000000008004ad0                . = ALIGN (0x4)
                0x0000000008004ad0                _sidata = LOADADDR (.data)

.data           0x0000000020000000       0x70 load address 0x0000000008004ad0
                0x0000000020000000                . = ALIGN (0x4)
                0x0000000020000000                _sdata = .
 *(.data)
 *(.data*)
 .data.SystemCoreClock
                0x0000000020000000        0x4 ./Core/Src/system_stm32f4xx.o
                0x0000000020000000                SystemCoreClock
 .data.uwTickPrio
                0x0000000020000004        0x4 ./Drivers/STM32F4xx_HAL_Driver/Src/stm32f4xx_hal.o
                0x0000000020000004                uwTickPrio
 .data.uwTickFreq
                0x0000000020000008        0x1 ./Drivers/STM32F4xx_HAL_Driver/Src/stm32f4xx_hal.o
                0x0000000020000008                uwTickFreq
 *fill*         0x0000000020000009        0x3 
 .data._impure_ptr
                0x000000002000000c        0x4 /Applications/STM32CubeIDE.app/Contents/Eclipse/plugins/com.st.stm32cube.ide.mcu.externaltools.gnu-tools-for-stm32.10.3-2021.10.macos64_1.0.0.202111181127/tools/bin/../lib/gcc/arm-none-eabi/10.3.1/../../../../arm-none-eabi/lib/thumb/v7e-m+fp/hard/libc_nano.a(lib_a-impure.o)
                0x000000002000000c                _impure_ptr
 .data.impure_data
                0x0000000020000010       0x60 /Applications/STM32CubeIDE.app/Contents/Eclipse/plugins/com.st.stm32cube.ide.mcu.externaltools.gnu-tools-for-stm32.10.3-2021.10.macos64_1.0.0.202111181127/tools/bin/../lib/gcc/arm-none-eabi/10.3.1/../../../../arm-none-eabi/lib/thumb/v7e-m+fp/hard/libc_nano.a(lib_a-impure.o)
 *(.RamFunc)
 *(.RamFunc*)
                0x0000000020000070                . = ALIGN (0x4)
                0x0000000020000070                _edata = .

.igot.plt       0x0000000020000070        0x0 load address 0x0000000008004b40
 .igot.plt      0x0000000020000070        0x0 /Applications/STM32CubeIDE.app/Contents/Eclipse/plugins/com.st.stm32cube.ide.mcu.externaltools.gnu-tools-for-stm32.10.3-2021.10.macos64_1.0.0.202111181127/tools/bin/../lib/gcc/arm-none-eabi/10.3.1/thumb/v7e-m+fp/hard/crtbegin.o
                0x0000000020000070                . = ALIGN (0x4)

.bss            0x0000000020000070      0x138 load address 0x0000000008004b40
                0x0000000020000070                _sbss = .
                0x0000000020000070                __bss_start__ = _sbss
 *(.bss)
 .bss           0x0000000020000070       0x1c /Applications/STM32CubeIDE.app/Contents/Eclipse/plugins/com.st.stm32cube.ide.mcu.externaltools.gnu-tools-for-stm32.10.3-2021.10.macos64_1.0.0.202111181127/tools/bin/../lib/gcc/arm-none-eabi/10.3.1/thumb/v7e-m+fp/hard/crtbegin.o
 *(.bss*)
 .bss.hcan1     0x000000002000008c       0x28 ./Core/Src/main.o
                0x000000002000008c                hcan1
 .bss.hi2c1     0x00000000200000b4       0x54 ./Core/Src/main.o
                0x00000000200000b4                hi2c1
 .bss.huart2    0x0000000020000108       0x44 ./Core/Src/main.o
                0x0000000020000108                huart2
 .bss.huart3    0x000000002000014c       0x44 ./Core/Src/main.o
                0x000000002000014c                huart3
 .bss.__sbrk_heap_end
                0x0000000020000190        0x4 ./Core/Src/sysmem.o
 .bss.uwTick    0x0000000020000194        0x4 ./Drivers/STM32F4xx_HAL_Driver/Src/stm32f4xx_hal.o
                0x0000000020000194                uwTick
 .bss.__lock___malloc_recursive_mutex
                0x0000000020000198        0x1 /Applications/STM32CubeIDE.app/Contents/Eclipse/plugins/com.st.stm32cube.ide.mcu.externaltools.gnu-tools-for-stm32.10.3-2021.10.macos64_1.0.0.202111181127/tools/bin/../lib/gcc/arm-none-eabi/10.3.1/../../../../arm-none-eabi/lib/thumb/v7e-m+fp/hard/libc_nano.a(lib_a-lock.o)
                0x0000000020000198                __lock___malloc_recursive_mutex
 .bss.__lock___sfp_recursive_mutex
                0x0000000020000199        0x1 /Applications/STM32CubeIDE.app/Contents/Eclipse/plugins/com.st.stm32cube.ide.mcu.externaltools.gnu-tools-for-stm32.10.3-2021.10.macos64_1.0.0.202111181127/tools/bin/../lib/gcc/arm-none-eabi/10.3.1/../../../../arm-none-eabi/lib/thumb/v7e-m+fp/hard/libc_nano.a(lib_a-lock.o)
                0x0000000020000199                __lock___sfp_recursive_mutex
 .bss.__lock___sinit_recursive_mutex
                0x000000002000019a        0x1 /Applications/STM32CubeIDE.app/Contents/Eclipse/plugins/com.st.stm32cube.ide.mcu.externaltools.gnu-tools-for-stm32.10.3-2021.10.macos64_1.0.0.202111181127/tools/bin/../lib/gcc/arm-none-eabi/10.3.1/../../../../arm-none-eabi/lib/thumb/v7e-m+fp/hard/libc_nano.a(lib_a-lock.o)
                0x000000002000019a                __lock___sinit_recursive_mutex
 *fill*         0x000000002000019b        0x1 
 .bss.__malloc_free_list
                0x000000002000019c        0x4 /Applications/STM32CubeIDE.app/Contents/Eclipse/plugins/com.st.stm32cube.ide.mcu.externaltools.gnu-tools-for-stm32.10.3-2021.10.macos64_1.0.0.202111181127/tools/bin/../lib/gcc/arm-none-eabi/10.3.1/../../../../arm-none-eabi/lib/thumb/v7e-m+fp/hard/libc_nano.a(lib_a-nano-mallocr.o)
                0x000000002000019c                __malloc_free_list
 .bss.__malloc_sbrk_start
                0x00000000200001a0        0x4 /Applications/STM32CubeIDE.app/Contents/Eclipse/plugins/com.st.stm32cube.ide.mcu.externaltools.gnu-tools-for-stm32.10.3-2021.10.macos64_1.0.0.202111181127/tools/bin/../lib/gcc/arm-none-eabi/10.3.1/../../../../arm-none-eabi/lib/thumb/v7e-m+fp/hard/libc_nano.a(lib_a-nano-mallocr.o)
                0x00000000200001a0                __malloc_sbrk_start
 .bss.errno     0x00000000200001a4        0x4 /Applications/STM32CubeIDE.app/Contents/Eclipse/plugins/com.st.stm32cube.ide.mcu.externaltools.gnu-tools-for-stm32.10.3-2021.10.macos64_1.0.0.202111181127/tools/bin/../lib/gcc/arm-none-eabi/10.3.1/../../../../arm-none-eabi/lib/thumb/v7e-m+fp/hard/libc_nano.a(lib_a-reent.o)
                0x00000000200001a4                errno
 *(COMMON)
                0x00000000200001a8                . = ALIGN (0x4)
                0x00000000200001a8                _ebss = .
                0x00000000200001a8                __bss_end__ = _ebss

._user_heap_stack
                0x00000000200001a8      0x600 load address 0x0000000008004b40
                0x00000000200001a8                . = ALIGN (0x8)
                [!provide]                        PROVIDE (end = .)
                0x00000000200001a8                PROVIDE (_end = .)
                0x00000000200003a8                . = (. + _Min_Heap_Size)
 *fill*         0x00000000200001a8      0x200 
                0x00000000200007a8                . = (. + _Min_Stack_Size)
 *fill*         0x00000000200003a8      0x400 
                0x00000000200007a8                . = ALIGN (0x8)

/DISCARD/
 libc.a(*)
 libm.a(*)
 libgcc.a(*)

.ARM.attributes
                0x0000000000000000       0x30
 *(.ARM.attributes)
 .ARM.attributes
                0x0000000000000000       0x1e /Applications/STM32CubeIDE.app/Contents/Eclipse/plugins/com.st.stm32cube.ide.mcu.externaltools.gnu-tools-for-stm32.10.3-2021.10.macos64_1.0.0.202111181127/tools/bin/../lib/gcc/arm-none-eabi/10.3.1/thumb/v7e-m+fp/hard/crti.o
 .ARM.attributes
                0x000000000000001e       0x34 /Applications/STM32CubeIDE.app/Contents/Eclipse/plugins/com.st.stm32cube.ide.mcu.externaltools.gnu-tools-for-stm32.10.3-2021.10.macos64_1.0.0.202111181127/tools/bin/../lib/gcc/arm-none-eabi/10.3.1/thumb/v7e-m+fp/hard/crtbegin.o
 .ARM.attributes
                0x0000000000000052       0x34 ./Core/Src/main.o
 .ARM.attributes
                0x0000000000000086       0x34 ./Core/Src/stm32f4xx_hal_msp.o
 .ARM.attributes
                0x00000000000000ba       0x34 ./Core/Src/stm32f4xx_it.o
 .ARM.attributes
                0x00000000000000ee       0x34 ./Core/Src/syscalls.o
 .ARM.attributes
                0x0000000000000122       0x34 ./Core/Src/sysmem.o
 .ARM.attributes
                0x0000000000000156       0x34 ./Core/Src/system_stm32f4xx.o
 .ARM.attributes
                0x000000000000018a       0x21 ./Core/Startup/startup_stm32f446retx.o
 .ARM.attributes
                0x00000000000001ab       0x34 ./Drivers/STM32F4xx_HAL_Driver/Src/stm32f4xx_hal.o
 .ARM.attributes
                0x00000000000001df       0x34 ./Drivers/STM32F4xx_HAL_Driver/Src/stm32f4xx_hal_can.o
 .ARM.attributes
                0x0000000000000213       0x34 ./Drivers/STM32F4xx_HAL_Driver/Src/stm32f4xx_hal_cortex.o
 .ARM.attributes
                0x0000000000000247       0x34 ./Drivers/STM32F4xx_HAL_Driver/Src/stm32f4xx_hal_gpio.o
 .ARM.attributes
                0x000000000000027b       0x34 ./Drivers/STM32F4xx_HAL_Driver/Src/stm32f4xx_hal_i2c.o
 .ARM.attributes
                0x00000000000002af       0x34 ./Drivers/STM32F4xx_HAL_Driver/Src/stm32f4xx_hal_rcc.o
 .ARM.attributes
                0x00000000000002e3       0x34 ./Drivers/STM32F4xx_HAL_Driver/Src/stm32f4xx_hal_rcc_ex.o
 .ARM.attributes
                0x0000000000000317       0x34 ./Drivers/STM32F4xx_HAL_Driver/Src/stm32f4xx_hal_uart.o
 .ARM.attributes
                0x000000000000034b       0x34 /Applications/STM32CubeIDE.app/Contents/Eclipse/plugins/com.st.stm32cube.ide.mcu.externaltools.gnu-tools-for-stm32.10.3-2021.10.macos64_1.0.0.202111181127/tools/bin/../lib/gcc/arm-none-eabi/10.3.1/../../../../arm-none-eabi/lib/thumb/v7e-m+fp/hard/libc_nano.a(lib_a-errno.o)
 .ARM.attributes
                0x000000000000037f       0x34 /Applications/STM32CubeIDE.app/Contents/Eclipse/plugins/com.st.stm32cube.ide.mcu.externaltools.gnu-tools-for-stm32.10.3-2021.10.macos64_1.0.0.202111181127/tools/bin/../lib/gcc/arm-none-eabi/10.3.1/../../../../arm-none-eabi/lib/thumb/v7e-m+fp/hard/libc_nano.a(lib_a-impure.o)
 .ARM.attributes
                0x00000000000003b3       0x34 /Applications/STM32CubeIDE.app/Contents/Eclipse/plugins/com.st.stm32cube.ide.mcu.externaltools.gnu-tools-for-stm32.10.3-2021.10.macos64_1.0.0.202111181127/tools/bin/../lib/gcc/arm-none-eabi/10.3.1/../../../../arm-none-eabi/lib/thumb/v7e-m+fp/hard/libc_nano.a(lib_a-init.o)
 .ARM.attributes
                0x00000000000003e7       0x34 /Applications/STM32CubeIDE.app/Contents/Eclipse/plugins/com.st.stm32cube.ide.mcu.externaltools.gnu-tools-for-stm32.10.3-2021.10.macos64_1.0.0.202111181127/tools/bin/../lib/gcc/arm-none-eabi/10.3.1/../../../../arm-none-eabi/lib/thumb/v7e-m+fp/hard/libc_nano.a(lib_a-memset.o)
 .ARM.attributes
                0x000000000000041b       0x34 /Applications/STM32CubeIDE.app/Contents/Eclipse/plugins/com.st.stm32cube.ide.mcu.externaltools.gnu-tools-for-stm32.10.3-2021.10.macos64_1.0.0.202111181127/tools/bin/../lib/gcc/arm-none-eabi/10.3.1/../../../../arm-none-eabi/lib/thumb/v7e-m+fp/hard/libc_nano.a(lib_a-printf.o)
 .ARM.attributes
                0x000000000000044f       0x34 /Applications/STM32CubeIDE.app/Contents/Eclipse/plugins/com.st.stm32cube.ide.mcu.externaltools.gnu-tools-for-stm32.10.3-2021.10.macos64_1.0.0.202111181127/tools/bin/../lib/gcc/arm-none-eabi/10.3.1/../../../../arm-none-eabi/lib/thumb/v7e-m+fp/hard/libc_nano.a(lib_a-puts.o)
 .ARM.attributes
                0x0000000000000483       0x34 /Applications/STM32CubeIDE.app/Contents/Eclipse/plugins/com.st.stm32cube.ide.mcu.externaltools.gnu-tools-for-stm32.10.3-2021.10.macos64_1.0.0.202111181127/tools/bin/../lib/gcc/arm-none-eabi/10.3.1/../../../../arm-none-eabi/lib/thumb/v7e-m+fp/hard/libc_nano.a(lib_a-wbuf.o)
 .ARM.attributes
                0x00000000000004b7       0x34 /Applications/STM32CubeIDE.app/Contents/Eclipse/plugins/com.st.stm32cube.ide.mcu.externaltools.gnu-tools-for-stm32.10.3-2021.10.macos64_1.0.0.202111181127/tools/bin/../lib/gcc/arm-none-eabi/10.3.1/../../../../arm-none-eabi/lib/thumb/v7e-m+fp/hard/libc_nano.a(lib_a-wsetup.o)
 .ARM.attributes
                0x00000000000004eb       0x34 /Applications/STM32CubeIDE.app/Contents/Eclipse/plugins/com.st.stm32cube.ide.mcu.externaltools.gnu-tools-for-stm32.10.3-2021.10.macos64_1.0.0.202111181127/tools/bin/../lib/gcc/arm-none-eabi/10.3.1/../../../../arm-none-eabi/lib/thumb/v7e-m+fp/hard/libc_nano.a(lib_a-fflush.o)
 .ARM.attributes
                0x000000000000051f       0x34 /Applications/STM32CubeIDE.app/Contents/Eclipse/plugins/com.st.stm32cube.ide.mcu.externaltools.gnu-tools-for-stm32.10.3-2021.10.macos64_1.0.0.202111181127/tools/bin/../lib/gcc/arm-none-eabi/10.3.1/../../../../arm-none-eabi/lib/thumb/v7e-m+fp/hard/libc_nano.a(lib_a-findfp.o)
 .ARM.attributes
                0x0000000000000553       0x34 /Applications/STM32CubeIDE.app/Contents/Eclipse/plugins/com.st.stm32cube.ide.mcu.externaltools.gnu-tools-for-stm32.10.3-2021.10.macos64_1.0.0.202111181127/tools/bin/../lib/gcc/arm-none-eabi/10.3.1/../../../../arm-none-eabi/lib/thumb/v7e-m+fp/hard/libc_nano.a(lib_a-fwalk.o)
 .ARM.attributes
                0x0000000000000587       0x34 /Applications/STM32CubeIDE.app/Contents/Eclipse/plugins/com.st.stm32cube.ide.mcu.externaltools.gnu-tools-for-stm32.10.3-2021.10.macos64_1.0.0.202111181127/tools/bin/../lib/gcc/arm-none-eabi/10.3.1/../../../../arm-none-eabi/lib/thumb/v7e-m+fp/hard/libc_nano.a(lib_a-lock.o)
 .ARM.attributes
                0x00000000000005bb       0x34 /Applications/STM32CubeIDE.app/Contents/Eclipse/plugins/com.st.stm32cube.ide.mcu.externaltools.gnu-tools-for-stm32.10.3-2021.10.macos64_1.0.0.202111181127/tools/bin/../lib/gcc/arm-none-eabi/10.3.1/../../../../arm-none-eabi/lib/thumb/v7e-m+fp/hard/libc_nano.a(lib_a-makebuf.o)
 .ARM.attributes
                0x00000000000005ef       0x34 /Applications/STM32CubeIDE.app/Contents/Eclipse/plugins/com.st.stm32cube.ide.mcu.externaltools.gnu-tools-for-stm32.10.3-2021.10.macos64_1.0.0.202111181127/tools/bin/../lib/gcc/arm-none-eabi/10.3.1/../../../../arm-none-eabi/lib/thumb/v7e-m+fp/hard/libc_nano.a(lib_a-nano-freer.o)
 .ARM.attributes
                0x0000000000000623       0x34 /Applications/STM32CubeIDE.app/Contents/Eclipse/plugins/com.st.stm32cube.ide.mcu.externaltools.gnu-tools-for-stm32.10.3-2021.10.macos64_1.0.0.202111181127/tools/bin/../lib/gcc/arm-none-eabi/10.3.1/../../../../arm-none-eabi/lib/thumb/v7e-m+fp/hard/libc_nano.a(lib_a-nano-mallocr.o)
 .ARM.attributes
                0x0000000000000657       0x34 /Applications/STM32CubeIDE.app/Contents/Eclipse/plugins/com.st.stm32cube.ide.mcu.externaltools.gnu-tools-for-stm32.10.3-2021.10.macos64_1.0.0.202111181127/tools/bin/../lib/gcc/arm-none-eabi/10.3.1/../../../../arm-none-eabi/lib/thumb/v7e-m+fp/hard/libc_nano.a(lib_a-nano-vfprintf.o)
 .ARM.attributes
                0x000000000000068b       0x34 /Applications/STM32CubeIDE.app/Contents/Eclipse/plugins/com.st.stm32cube.ide.mcu.externaltools.gnu-tools-for-stm32.10.3-2021.10.macos64_1.0.0.202111181127/tools/bin/../lib/gcc/arm-none-eabi/10.3.1/../../../../arm-none-eabi/lib/thumb/v7e-m+fp/hard/libc_nano.a(lib_a-nano-vfprintf_i.o)
 .ARM.attributes
                0x00000000000006bf       0x34 /Applications/STM32CubeIDE.app/Contents/Eclipse/plugins/com.st.stm32cube.ide.mcu.externaltools.gnu-tools-for-stm32.10.3-2021.10.macos64_1.0.0.202111181127/tools/bin/../lib/gcc/arm-none-eabi/10.3.1/../../../../arm-none-eabi/lib/thumb/v7e-m+fp/hard/libc_nano.a(lib_a-sbrkr.o)
 .ARM.attributes
                0x00000000000006f3       0x34 /Applications/STM32CubeIDE.app/Contents/Eclipse/plugins/com.st.stm32cube.ide.mcu.externaltools.gnu-tools-for-stm32.10.3-2021.10.macos64_1.0.0.202111181127/tools/bin/../lib/gcc/arm-none-eabi/10.3.1/../../../../arm-none-eabi/lib/thumb/v7e-m+fp/hard/libc_nano.a(lib_a-stdio.o)
 .ARM.attributes
                0x0000000000000727       0x34 /Applications/STM32CubeIDE.app/Contents/Eclipse/plugins/com.st.stm32cube.ide.mcu.externaltools.gnu-tools-for-stm32.10.3-2021.10.macos64_1.0.0.202111181127/tools/bin/../lib/gcc/arm-none-eabi/10.3.1/../../../../arm-none-eabi/lib/thumb/v7e-m+fp/hard/libc_nano.a(lib_a-writer.o)
 .ARM.attributes
                0x000000000000075b       0x34 /Applications/STM32CubeIDE.app/Contents/Eclipse/plugins/com.st.stm32cube.ide.mcu.externaltools.gnu-tools-for-stm32.10.3-2021.10.macos64_1.0.0.202111181127/tools/bin/../lib/gcc/arm-none-eabi/10.3.1/../../../../arm-none-eabi/lib/thumb/v7e-m+fp/hard/libc_nano.a(lib_a-closer.o)
 .ARM.attributes
                0x000000000000078f       0x34 /Applications/STM32CubeIDE.app/Contents/Eclipse/plugins/com.st.stm32cube.ide.mcu.externaltools.gnu-tools-for-stm32.10.3-2021.10.macos64_1.0.0.202111181127/tools/bin/../lib/gcc/arm-none-eabi/10.3.1/../../../../arm-none-eabi/lib/thumb/v7e-m+fp/hard/libc_nano.a(lib_a-fstatr.o)
 .ARM.attributes
                0x00000000000007c3       0x34 /Applications/STM32CubeIDE.app/Contents/Eclipse/plugins/com.st.stm32cube.ide.mcu.externaltools.gnu-tools-for-stm32.10.3-2021.10.macos64_1.0.0.202111181127/tools/bin/../lib/gcc/arm-none-eabi/10.3.1/../../../../arm-none-eabi/lib/thumb/v7e-m+fp/hard/libc_nano.a(lib_a-isattyr.o)
 .ARM.attributes
                0x00000000000007f7       0x34 /Applications/STM32CubeIDE.app/Contents/Eclipse/plugins/com.st.stm32cube.ide.mcu.externaltools.gnu-tools-for-stm32.10.3-2021.10.macos64_1.0.0.202111181127/tools/bin/../lib/gcc/arm-none-eabi/10.3.1/../../../../arm-none-eabi/lib/thumb/v7e-m+fp/hard/libc_nano.a(lib_a-lseekr.o)
 .ARM.attributes
                0x000000000000082b       0x1c /Applications/STM32CubeIDE.app/Contents/Eclipse/plugins/com.st.stm32cube.ide.mcu.externaltools.gnu-tools-for-stm32.10.3-2021.10.macos64_1.0.0.202111181127/tools/bin/../lib/gcc/arm-none-eabi/10.3.1/../../../../arm-none-eabi/lib/thumb/v7e-m+fp/hard/libc_nano.a(lib_a-memchr.o)
 .ARM.attributes
                0x0000000000000847       0x34 /Applications/STM32CubeIDE.app/Contents/Eclipse/plugins/com.st.stm32cube.ide.mcu.externaltools.gnu-tools-for-stm32.10.3-2021.10.macos64_1.0.0.202111181127/tools/bin/../lib/gcc/arm-none-eabi/10.3.1/../../../../arm-none-eabi/lib/thumb/v7e-m+fp/hard/libc_nano.a(lib_a-mlock.o)
 .ARM.attributes
                0x000000000000087b       0x34 /Applications/STM32CubeIDE.app/Contents/Eclipse/plugins/com.st.stm32cube.ide.mcu.externaltools.gnu-tools-for-stm32.10.3-2021.10.macos64_1.0.0.202111181127/tools/bin/../lib/gcc/arm-none-eabi/10.3.1/../../../../arm-none-eabi/lib/thumb/v7e-m+fp/hard/libc_nano.a(lib_a-readr.o)
 .ARM.attributes
                0x00000000000008af       0x34 /Applications/STM32CubeIDE.app/Contents/Eclipse/plugins/com.st.stm32cube.ide.mcu.externaltools.gnu-tools-for-stm32.10.3-2021.10.macos64_1.0.0.202111181127/tools/bin/../lib/gcc/arm-none-eabi/10.3.1/../../../../arm-none-eabi/lib/thumb/v7e-m+fp/hard/libc_nano.a(lib_a-reent.o)
 .ARM.attributes
                0x00000000000008e3       0x1e /Applications/STM32CubeIDE.app/Contents/Eclipse/plugins/com.st.stm32cube.ide.mcu.externaltools.gnu-tools-for-stm32.10.3-2021.10.macos64_1.0.0.202111181127/tools/bin/../lib/gcc/arm-none-eabi/10.3.1/thumb/v7e-m+fp/hard/libgcc.a(_aeabi_uldivmod.o)
 .ARM.attributes
                0x0000000000000901       0x34 /Applications/STM32CubeIDE.app/Contents/Eclipse/plugins/com.st.stm32cube.ide.mcu.externaltools.gnu-tools-for-stm32.10.3-2021.10.macos64_1.0.0.202111181127/tools/bin/../lib/gcc/arm-none-eabi/10.3.1/thumb/v7e-m+fp/hard/libgcc.a(_udivmoddi4.o)
 .ARM.attributes
                0x0000000000000935       0x1e /Applications/STM32CubeIDE.app/Contents/Eclipse/plugins/com.st.stm32cube.ide.mcu.externaltools.gnu-tools-for-stm32.10.3-2021.10.macos64_1.0.0.202111181127/tools/bin/../lib/gcc/arm-none-eabi/10.3.1/thumb/v7e-m+fp/hard/libgcc.a(_dvmd_tls.o)
 .ARM.attributes
                0x0000000000000953       0x1e /Applications/STM32CubeIDE.app/Contents/Eclipse/plugins/com.st.stm32cube.ide.mcu.externaltools.gnu-tools-for-stm32.10.3-2021.10.macos64_1.0.0.202111181127/tools/bin/../lib/gcc/arm-none-eabi/10.3.1/thumb/v7e-m+fp/hard/crtn.o
OUTPUT(TP Capteur et reseaux.elf elf32-littlearm)
LOAD linker stubs
LOAD /Applications/STM32CubeIDE.app/Contents/Eclipse/plugins/com.st.stm32cube.ide.mcu.externaltools.gnu-tools-for-stm32.10.3-2021.10.macos64_1.0.0.202111181127/tools/bin/../lib/gcc/arm-none-eabi/10.3.1/../../../../arm-none-eabi/lib/thumb/v7e-m+fp/hard/libc.a
LOAD /Applications/STM32CubeIDE.app/Contents/Eclipse/plugins/com.st.stm32cube.ide.mcu.externaltools.gnu-tools-for-stm32.10.3-2021.10.macos64_1.0.0.202111181127/tools/bin/../lib/gcc/arm-none-eabi/10.3.1/../../../../arm-none-eabi/lib/thumb/v7e-m+fp/hard/libm.a
LOAD /Applications/STM32CubeIDE.app/Contents/Eclipse/plugins/com.st.stm32cube.ide.mcu.externaltools.gnu-tools-for-stm32.10.3-2021.10.macos64_1.0.0.202111181127/tools/bin/../lib/gcc/arm-none-eabi/10.3.1/thumb/v7e-m+fp/hard/libgcc.a

.debug_info     0x0000000000000000     0xcf68
 .debug_info    0x0000000000000000     0x131d ./Core/Src/main.o
 .debug_info    0x000000000000131d     0x1263 ./Core/Src/stm32f4xx_hal_msp.o
 .debug_info    0x0000000000002580      0x121 ./Core/Src/stm32f4xx_it.o
 .debug_info    0x00000000000026a1      0x6e0 ./Core/Src/syscalls.o
 .debug_info    0x0000000000002d81      0x171 ./Core/Src/sysmem.o
 .debug_info    0x0000000000002ef2      0x55b ./Core/Src/system_stm32f4xx.o
 .debug_info    0x000000000000344d       0x22 ./Core/Startup/startup_stm32f446retx.o
 .debug_info    0x000000000000346f      0x9d2 ./Drivers/STM32F4xx_HAL_Driver/Src/stm32f4xx_hal.o
 .debug_info    0x0000000000003e41      0xfc6 ./Drivers/STM32F4xx_HAL_Driver/Src/stm32f4xx_hal_can.o
 .debug_info    0x0000000000004e07      0xe39 ./Drivers/STM32F4xx_HAL_Driver/Src/stm32f4xx_hal_cortex.o
 .debug_info    0x0000000000005c40      0x7be ./Drivers/STM32F4xx_HAL_Driver/Src/stm32f4xx_hal_gpio.o
 .debug_info    0x00000000000063fe     0x2617 ./Drivers/STM32F4xx_HAL_Driver/Src/stm32f4xx_hal_i2c.o
 .debug_info    0x0000000000008a15      0x9ab ./Drivers/STM32F4xx_HAL_Driver/Src/stm32f4xx_hal_rcc.o
 .debug_info    0x00000000000093c0      0x9ec ./Drivers/STM32F4xx_HAL_Driver/Src/stm32f4xx_hal_rcc_ex.o
 .debug_info    0x0000000000009dac     0x31bc ./Drivers/STM32F4xx_HAL_Driver/Src/stm32f4xx_hal_uart.o

.debug_abbrev   0x0000000000000000     0x1c61
 .debug_abbrev  0x0000000000000000      0x29a ./Core/Src/main.o
 .debug_abbrev  0x000000000000029a      0x278 ./Core/Src/stm32f4xx_hal_msp.o
 .debug_abbrev  0x0000000000000512       0x74 ./Core/Src/stm32f4xx_it.o
 .debug_abbrev  0x0000000000000586      0x1b3 ./Core/Src/syscalls.o
 .debug_abbrev  0x0000000000000739       0xbb ./Core/Src/sysmem.o
 .debug_abbrev  0x00000000000007f4      0x116 ./Core/Src/system_stm32f4xx.o
 .debug_abbrev  0x000000000000090a       0x12 ./Core/Startup/startup_stm32f446retx.o
 .debug_abbrev  0x000000000000091c      0x20d ./Drivers/STM32F4xx_HAL_Driver/Src/stm32f4xx_hal.o
 .debug_abbrev  0x0000000000000b29      0x22e ./Drivers/STM32F4xx_HAL_Driver/Src/stm32f4xx_hal_can.o
 .debug_abbrev  0x0000000000000d57      0x316 ./Drivers/STM32F4xx_HAL_Driver/Src/stm32f4xx_hal_cortex.o
 .debug_abbrev  0x000000000000106d      0x1c4 ./Drivers/STM32F4xx_HAL_Driver/Src/stm32f4xx_hal_gpio.o
 .debug_abbrev  0x0000000000001231      0x297 ./Drivers/STM32F4xx_HAL_Driver/Src/stm32f4xx_hal_i2c.o
 .debug_abbrev  0x00000000000014c8      0x2aa ./Drivers/STM32F4xx_HAL_Driver/Src/stm32f4xx_hal_rcc.o
 .debug_abbrev  0x0000000000001772      0x1fb ./Drivers/STM32F4xx_HAL_Driver/Src/stm32f4xx_hal_rcc_ex.o
 .debug_abbrev  0x000000000000196d      0x2f4 ./Drivers/STM32F4xx_HAL_Driver/Src/stm32f4xx_hal_uart.o

.debug_aranges  0x0000000000000000      0xb60
 .debug_aranges
                0x0000000000000000       0x58 ./Core/Src/main.o
 .debug_aranges
                0x0000000000000058       0x58 ./Core/Src/stm32f4xx_hal_msp.o
 .debug_aranges
                0x00000000000000b0       0x60 ./Core/Src/stm32f4xx_it.o
 .debug_aranges
                0x0000000000000110       0xa8 ./Core/Src/syscalls.o
 .debug_aranges
                0x00000000000001b8       0x20 ./Core/Src/sysmem.o
 .debug_aranges
                0x00000000000001d8       0x28 ./Core/Src/system_stm32f4xx.o
 .debug_aranges
                0x0000000000000200       0x28 ./Core/Startup/startup_stm32f446retx.o
 .debug_aranges
                0x0000000000000228       0xf0 ./Drivers/STM32F4xx_HAL_Driver/Src/stm32f4xx_hal.o
 .debug_aranges
                0x0000000000000318      0x138 ./Drivers/STM32F4xx_HAL_Driver/Src/stm32f4xx_hal_can.o
 .debug_aranges
                0x0000000000000450      0x118 ./Drivers/STM32F4xx_HAL_Driver/Src/stm32f4xx_hal_cortex.o
 .debug_aranges
                0x0000000000000568       0x58 ./Drivers/STM32F4xx_HAL_Driver/Src/stm32f4xx_hal_gpio.o
 .debug_aranges
                0x00000000000005c0      0x2a0 ./Drivers/STM32F4xx_HAL_Driver/Src/stm32f4xx_hal_i2c.o
 .debug_aranges
                0x0000000000000860       0x88 ./Drivers/STM32F4xx_HAL_Driver/Src/stm32f4xx_hal_rcc.o
 .debug_aranges
                0x00000000000008e8       0x78 ./Drivers/STM32F4xx_HAL_Driver/Src/stm32f4xx_hal_rcc_ex.o
 .debug_aranges
                0x0000000000000960      0x200 ./Drivers/STM32F4xx_HAL_Driver/Src/stm32f4xx_hal_uart.o

.debug_ranges   0x0000000000000000      0xac0
 .debug_ranges  0x0000000000000000       0x48 ./Core/Src/main.o
 .debug_ranges  0x0000000000000048       0x48 ./Core/Src/stm32f4xx_hal_msp.o
 .debug_ranges  0x0000000000000090       0x50 ./Core/Src/stm32f4xx_it.o
 .debug_ranges  0x00000000000000e0       0x98 ./Core/Src/syscalls.o
 .debug_ranges  0x0000000000000178       0x10 ./Core/Src/sysmem.o
 .debug_ranges  0x0000000000000188       0x18 ./Core/Src/system_stm32f4xx.o
 .debug_ranges  0x00000000000001a0       0x20 ./Core/Startup/startup_stm32f446retx.o
 .debug_ranges  0x00000000000001c0       0xe0 ./Drivers/STM32F4xx_HAL_Driver/Src/stm32f4xx_hal.o
 .debug_ranges  0x00000000000002a0      0x128 ./Drivers/STM32F4xx_HAL_Driver/Src/stm32f4xx_hal_can.o
 .debug_ranges  0x00000000000003c8      0x108 ./Drivers/STM32F4xx_HAL_Driver/Src/stm32f4xx_hal_cortex.o
 .debug_ranges  0x00000000000004d0       0x48 ./Drivers/STM32F4xx_HAL_Driver/Src/stm32f4xx_hal_gpio.o
 .debug_ranges  0x0000000000000518      0x2a8 ./Drivers/STM32F4xx_HAL_Driver/Src/stm32f4xx_hal_i2c.o
 .debug_ranges  0x00000000000007c0       0x78 ./Drivers/STM32F4xx_HAL_Driver/Src/stm32f4xx_hal_rcc.o
 .debug_ranges  0x0000000000000838       0x68 ./Drivers/STM32F4xx_HAL_Driver/Src/stm32f4xx_hal_rcc_ex.o
 .debug_ranges  0x00000000000008a0      0x220 ./Drivers/STM32F4xx_HAL_Driver/Src/stm32f4xx_hal_uart.o

.debug_macro    0x0000000000000000    0x224da
 .debug_macro   0x0000000000000000      0x1f3 ./Core/Src/main.o
 .debug_macro   0x00000000000001f3      0xa78 ./Core/Src/main.o
 .debug_macro   0x0000000000000c6b      0x2a1 ./Core/Src/main.o
 .debug_macro   0x0000000000000f0c       0x2e ./Core/Src/main.o
 .debug_macro   0x0000000000000f3a       0x28 ./Core/Src/main.o
 .debug_macro   0x0000000000000f62       0x22 ./Core/Src/main.o
 .debug_macro   0x0000000000000f84       0x8e ./Core/Src/main.o
 .debug_macro   0x0000000000001012       0x51 ./Core/Src/main.o
 .debug_macro   0x0000000000001063      0x103 ./Core/Src/main.o
 .debug_macro   0x0000000000001166       0x6a ./Core/Src/main.o
 .debug_macro   0x00000000000011d0      0x1df ./Core/Src/main.o
 .debug_macro   0x00000000000013af       0x1c ./Core/Src/main.o
 .debug_macro   0x00000000000013cb       0x22 ./Core/Src/main.o
 .debug_macro   0x00000000000013ed       0xd9 ./Core/Src/main.o
 .debug_macro   0x00000000000014c6     0x102d ./Core/Src/main.o
 .debug_macro   0x00000000000024f3      0x11f ./Core/Src/main.o
 .debug_macro   0x0000000000002612    0x16749 ./Core/Src/main.o
 .debug_macro   0x0000000000018d5b       0x6d ./Core/Src/main.o
 .debug_macro   0x0000000000018dc8     0x367e ./Core/Src/main.o
 .debug_macro   0x000000000001c446      0x174 ./Core/Src/main.o
 .debug_macro   0x000000000001c5ba       0x5c ./Core/Src/main.o
 .debug_macro   0x000000000001c616      0xc90 ./Core/Src/main.o
 .debug_macro   0x000000000001d2a6      0x9fe ./Core/Src/main.o
 .debug_macro   0x000000000001dca4      0x115 ./Core/Src/main.o
 .debug_macro   0x000000000001ddb9      0x1a0 ./Core/Src/main.o
 .debug_macro   0x000000000001df59       0xa5 ./Core/Src/main.o
 .debug_macro   0x000000000001dffe      0x16d ./Core/Src/main.o
 .debug_macro   0x000000000001e16b      0x287 ./Core/Src/main.o
 .debug_macro   0x000000000001e3f2       0x5f ./Core/Src/main.o
 .debug_macro   0x000000000001e451      0x236 ./Core/Src/main.o
 .debug_macro   0x000000000001e687      0x40f ./Core/Src/main.o
 .debug_macro   0x000000000001ea96      0x132 ./Core/Src/main.o
 .debug_macro   0x000000000001ebc8      0x29c ./Core/Src/main.o
 .debug_macro   0x000000000001ee64       0x2e ./Core/Src/main.o
 .debug_macro   0x000000000001ee92      0x1b5 ./Core/Src/main.o
 .debug_macro   0x000000000001f047       0x22 ./Core/Src/main.o
 .debug_macro   0x000000000001f069       0xd6 ./Core/Src/main.o
 .debug_macro   0x000000000001f13f      0x11a ./Core/Src/main.o
 .debug_macro   0x000000000001f259       0xe8 ./Core/Src/main.o
 .debug_macro   0x000000000001f341       0x89 ./Core/Src/main.o
 .debug_macro   0x000000000001f3ca      0x295 ./Core/Src/main.o
 .debug_macro   0x000000000001f65f      0x126 ./Core/Src/main.o
 .debug_macro   0x000000000001f785      0x1ed ./Core/Src/stm32f4xx_hal_msp.o
 .debug_macro   0x000000000001f972      0x1f1 ./Core/Src/stm32f4xx_it.o
 .debug_macro   0x000000000001fb63      0x24c ./Core/Src/syscalls.o
 .debug_macro   0x000000000001fdaf       0x4c ./Core/Src/syscalls.o
 .debug_macro   0x000000000001fdfb       0x1e ./Core/Src/syscalls.o
 .debug_macro   0x000000000001fe19       0x94 ./Core/Src/syscalls.o
 .debug_macro   0x000000000001fead       0x3c ./Core/Src/syscalls.o
 .debug_macro   0x000000000001fee9       0x34 ./Core/Src/syscalls.o
 .debug_macro   0x000000000001ff1d       0x57 ./Core/Src/syscalls.o
 .debug_macro   0x000000000001ff74      0x341 ./Core/Src/syscalls.o
 .debug_macro   0x00000000000202b5       0x16 ./Core/Src/syscalls.o
 .debug_macro   0x00000000000202cb       0x43 ./Core/Src/syscalls.o
 .debug_macro   0x000000000002030e       0x34 ./Core/Src/syscalls.o
 .debug_macro   0x0000000000020342       0x10 ./Core/Src/syscalls.o
 .debug_macro   0x0000000000020352       0x58 ./Core/Src/syscalls.o
 .debug_macro   0x00000000000203aa       0x71 ./Core/Src/syscalls.o
 .debug_macro   0x000000000002041b       0x1c ./Core/Src/syscalls.o
 .debug_macro   0x0000000000020437      0x12a ./Core/Src/syscalls.o
 .debug_macro   0x0000000000020561       0x10 ./Core/Src/syscalls.o
 .debug_macro   0x0000000000020571       0x35 ./Core/Src/syscalls.o
 .debug_macro   0x00000000000205a6       0x10 ./Core/Src/syscalls.o
 .debug_macro   0x00000000000205b6       0x10 ./Core/Src/syscalls.o
 .debug_macro   0x00000000000205c6       0x10 ./Core/Src/syscalls.o
 .debug_macro   0x00000000000205d6       0x1c ./Core/Src/syscalls.o
 .debug_macro   0x00000000000205f2       0x52 ./Core/Src/syscalls.o
 .debug_macro   0x0000000000020644       0x22 ./Core/Src/syscalls.o
 .debug_macro   0x0000000000020666       0x10 ./Core/Src/syscalls.o
 .debug_macro   0x0000000000020676       0x52 ./Core/Src/syscalls.o
 .debug_macro   0x00000000000206c8       0xd5 ./Core/Src/syscalls.o
 .debug_macro   0x000000000002079d       0x1c ./Core/Src/syscalls.o
 .debug_macro   0x00000000000207b9       0x3d ./Core/Src/syscalls.o
 .debug_macro   0x00000000000207f6       0x35 ./Core/Src/syscalls.o
 .debug_macro   0x000000000002082b      0x12c ./Core/Src/syscalls.o
 .debug_macro   0x0000000000020957       0x16 ./Core/Src/syscalls.o
 .debug_macro   0x000000000002096d       0x16 ./Core/Src/syscalls.o
 .debug_macro   0x0000000000020983       0x29 ./Core/Src/syscalls.o
 .debug_macro   0x00000000000209ac       0x10 ./Core/Src/syscalls.o
 .debug_macro   0x00000000000209bc      0x241 ./Core/Src/syscalls.o
 .debug_macro   0x0000000000020bfd       0x1c ./Core/Src/syscalls.o
 .debug_macro   0x0000000000020c19       0x10 ./Core/Src/syscalls.o
 .debug_macro   0x0000000000020c29       0x10 ./Core/Src/syscalls.o
 .debug_macro   0x0000000000020c39       0x16 ./Core/Src/syscalls.o
 .debug_macro   0x0000000000020c4f      0x145 ./Core/Src/syscalls.o
 .debug_macro   0x0000000000020d94      0x189 ./Core/Src/syscalls.o
 .debug_macro   0x0000000000020f1d       0x16 ./Core/Src/syscalls.o
 .debug_macro   0x0000000000020f33       0xce ./Core/Src/syscalls.o
 .debug_macro   0x0000000000021001       0xff ./Core/Src/sysmem.o
 .debug_macro   0x0000000000021100      0x23b ./Core/Src/sysmem.o
 .debug_macro   0x000000000002133b      0x1dd ./Core/Src/system_stm32f4xx.o
 .debug_macro   0x0000000000021518      0x23d ./Drivers/STM32F4xx_HAL_Driver/Src/stm32f4xx_hal.o
 .debug_macro   0x0000000000021755      0x1e5 ./Drivers/STM32F4xx_HAL_Driver/Src/stm32f4xx_hal_can.o
 .debug_macro   0x000000000002193a      0x1dd ./Drivers/STM32F4xx_HAL_Driver/Src/stm32f4xx_hal_cortex.o
 .debug_macro   0x0000000000021b17      0x1e3 ./Drivers/STM32F4xx_HAL_Driver/Src/stm32f4xx_hal_gpio.o
 .debug_macro   0x0000000000021cfa      0x224 ./Drivers/STM32F4xx_HAL_Driver/Src/stm32f4xx_hal_i2c.o
 .debug_macro   0x0000000000021f1e      0x201 ./Drivers/STM32F4xx_HAL_Driver/Src/stm32f4xx_hal_rcc.o
 .debug_macro   0x000000000002211f      0x1dd ./Drivers/STM32F4xx_HAL_Driver/Src/stm32f4xx_hal_rcc_ex.o
 .debug_macro   0x00000000000222fc      0x1de ./Drivers/STM32F4xx_HAL_Driver/Src/stm32f4xx_hal_uart.o

.debug_line     0x0000000000000000     0xe69a
 .debug_line    0x0000000000000000      0x89e ./Core/Src/main.o
 .debug_line    0x000000000000089e      0x847 ./Core/Src/stm32f4xx_hal_msp.o
 .debug_line    0x00000000000010e5      0x7c1 ./Core/Src/stm32f4xx_it.o
 .debug_line    0x00000000000018a6      0x82b ./Core/Src/syscalls.o
 .debug_line    0x00000000000020d1      0x521 ./Core/Src/sysmem.o
 .debug_line    0x00000000000025f2      0x780 ./Core/Src/system_stm32f4xx.o
 .debug_line    0x0000000000002d72       0x88 ./Core/Startup/startup_stm32f446retx.o
 .debug_line    0x0000000000002dfa      0x9e6 ./Drivers/STM32F4xx_HAL_Driver/Src/stm32f4xx_hal.o
 .debug_line    0x00000000000037e0     0x1152 ./Drivers/STM32F4xx_HAL_Driver/Src/stm32f4xx_hal_can.o
 .debug_line    0x0000000000004932      0xc95 ./Drivers/STM32F4xx_HAL_Driver/Src/stm32f4xx_hal_cortex.o
 .debug_line    0x00000000000055c7      0xb46 ./Drivers/STM32F4xx_HAL_Driver/Src/stm32f4xx_hal_gpio.o
 .debug_line    0x000000000000610d     0x399b ./Drivers/STM32F4xx_HAL_Driver/Src/stm32f4xx_hal_i2c.o
 .debug_line    0x0000000000009aa8      0xd6e ./Drivers/STM32F4xx_HAL_Driver/Src/stm32f4xx_hal_rcc.o
 .debug_line    0x000000000000a816     0x13f9 ./Drivers/STM32F4xx_HAL_Driver/Src/stm32f4xx_hal_rcc_ex.o
 .debug_line    0x000000000000bc0f     0x2a8b ./Drivers/STM32F4xx_HAL_Driver/Src/stm32f4xx_hal_uart.o

.debug_str      0x0000000000000000    0xce7ca
 .debug_str     0x0000000000000000    0xc6438 ./Core/Src/main.o
                                      0xc676a (size before relaxing)
 .debug_str     0x00000000000c6438      0x18b ./Core/Src/stm32f4xx_hal_msp.o
                                      0xc6656 (size before relaxing)
 .debug_str     0x00000000000c65c3       0xc9 ./Core/Src/stm32f4xx_it.o
                                      0xc5b1b (size before relaxing)
 .debug_str     0x00000000000c668c     0x5498 ./Core/Src/syscalls.o
                                       0x8a81 (size before relaxing)
 .debug_str     0x00000000000cbb24       0x6b ./Core/Src/sysmem.o
                                       0x5dbd (size before relaxing)
 .debug_str     0x00000000000cbb8f       0xdb ./Core/Src/system_stm32f4xx.o
                                      0xc5c6a (size before relaxing)
 .debug_str     0x00000000000cbc6a       0x36 ./Core/Startup/startup_stm32f446retx.o
                                         0x7f (size before relaxing)
 .debug_str     0x00000000000cbca0      0xb16 ./Drivers/STM32F4xx_HAL_Driver/Src/stm32f4xx_hal.o
                                      0xc682f (size before relaxing)
 .debug_str     0x00000000000cc7b6      0x574 ./Drivers/STM32F4xx_HAL_Driver/Src/stm32f4xx_hal_can.o
                                      0xc6331 (size before relaxing)
 .debug_str     0x00000000000ccd2a      0x354 ./Drivers/STM32F4xx_HAL_Driver/Src/stm32f4xx_hal_cortex.o
                                      0xc653d (size before relaxing)
 .debug_str     0x00000000000cd07e      0x15d ./Drivers/STM32F4xx_HAL_Driver/Src/stm32f4xx_hal_gpio.o
                                      0xc5de5 (size before relaxing)
 .debug_str     0x00000000000cd1db      0xae0 ./Drivers/STM32F4xx_HAL_Driver/Src/stm32f4xx_hal_i2c.o
                                      0xc6c15 (size before relaxing)
 .debug_str     0x00000000000cdcbb      0x213 ./Drivers/STM32F4xx_HAL_Driver/Src/stm32f4xx_hal_rcc.o
                                      0xc60a3 (size before relaxing)
 .debug_str     0x00000000000cdece      0x324 ./Drivers/STM32F4xx_HAL_Driver/Src/stm32f4xx_hal_rcc_ex.o
                                      0xc60d6 (size before relaxing)
 .debug_str     0x00000000000ce1f2      0x5d8 ./Drivers/STM32F4xx_HAL_Driver/Src/stm32f4xx_hal_uart.o
                                      0xc6618 (size before relaxing)

.comment        0x0000000000000000       0x50
 .comment       0x0000000000000000       0x50 ./Core/Src/main.o
                                         0x51 (size before relaxing)
 .comment       0x0000000000000050       0x51 ./Core/Src/stm32f4xx_hal_msp.o
 .comment       0x0000000000000050       0x51 ./Core/Src/stm32f4xx_it.o
 .comment       0x0000000000000050       0x51 ./Core/Src/syscalls.o
 .comment       0x0000000000000050       0x51 ./Core/Src/sysmem.o
 .comment       0x0000000000000050       0x51 ./Core/Src/system_stm32f4xx.o
 .comment       0x0000000000000050       0x51 ./Drivers/STM32F4xx_HAL_Driver/Src/stm32f4xx_hal.o
 .comment       0x0000000000000050       0x51 ./Drivers/STM32F4xx_HAL_Driver/Src/stm32f4xx_hal_can.o
 .comment       0x0000000000000050       0x51 ./Drivers/STM32F4xx_HAL_Driver/Src/stm32f4xx_hal_cortex.o
 .comment       0x0000000000000050       0x51 ./Drivers/STM32F4xx_HAL_Driver/Src/stm32f4xx_hal_gpio.o
 .comment       0x0000000000000050       0x51 ./Drivers/STM32F4xx_HAL_Driver/Src/stm32f4xx_hal_i2c.o
 .comment       0x0000000000000050       0x51 ./Drivers/STM32F4xx_HAL_Driver/Src/stm32f4xx_hal_rcc.o
 .comment       0x0000000000000050       0x51 ./Drivers/STM32F4xx_HAL_Driver/Src/stm32f4xx_hal_rcc_ex.o
 .comment       0x0000000000000050       0x51 ./Drivers/STM32F4xx_HAL_Driver/Src/stm32f4xx_hal_uart.o

.debug_frame    0x0000000000000000     0x3790
 .debug_frame   0x0000000000000000      0x104 ./Core/Src/main.o
 .debug_frame   0x0000000000000104      0x130 ./Core/Src/stm32f4xx_hal_msp.o
 .debug_frame   0x0000000000000234      0x104 ./Core/Src/stm32f4xx_it.o
 .debug_frame   0x0000000000000338      0x2ac ./Core/Src/syscalls.o
 .debug_frame   0x00000000000005e4       0x34 ./Core/Src/sysmem.o
 .debug_frame   0x0000000000000618       0x58 ./Core/Src/system_stm32f4xx.o
 .debug_frame   0x0000000000000670      0x374 ./Drivers/STM32F4xx_HAL_Driver/Src/stm32f4xx_hal.o
 .debug_frame   0x00000000000009e4      0x5a0 ./Drivers/STM32F4xx_HAL_Driver/Src/stm32f4xx_hal_can.o
 .debug_frame   0x0000000000000f84      0x498 ./Drivers/STM32F4xx_HAL_Driver/Src/stm32f4xx_hal_cortex.o
 .debug_frame   0x000000000000141c      0x14c ./Drivers/STM32F4xx_HAL_Driver/Src/stm32f4xx_hal_gpio.o
 .debug_frame   0x0000000000001568      0xc5c ./Drivers/STM32F4xx_HAL_Driver/Src/stm32f4xx_hal_i2c.o
 .debug_frame   0x00000000000021c4      0x1f4 ./Drivers/STM32F4xx_HAL_Driver/Src/stm32f4xx_hal_rcc.o
 .debug_frame   0x00000000000023b8      0x1e8 ./Drivers/STM32F4xx_HAL_Driver/Src/stm32f4xx_hal_rcc_ex.o
 .debug_frame   0x00000000000025a0      0x92c ./Drivers/STM32F4xx_HAL_Driver/Src/stm32f4xx_hal_uart.o
 .debug_frame   0x0000000000002ecc       0x20 /Applications/STM32CubeIDE.app/Contents/Eclipse/plugins/com.st.stm32cube.ide.mcu.externaltools.gnu-tools-for-stm32.10.3-2021.10.macos64_1.0.0.202111181127/tools/bin/../lib/gcc/arm-none-eabi/10.3.1/../../../../arm-none-eabi/lib/thumb/v7e-m+fp/hard/libc_nano.a(lib_a-errno.o)
 .debug_frame   0x0000000000002eec       0x2c /Applications/STM32CubeIDE.app/Contents/Eclipse/plugins/com.st.stm32cube.ide.mcu.externaltools.gnu-tools-for-stm32.10.3-2021.10.macos64_1.0.0.202111181127/tools/bin/../lib/gcc/arm-none-eabi/10.3.1/../../../../arm-none-eabi/lib/thumb/v7e-m+fp/hard/libc_nano.a(lib_a-init.o)
 .debug_frame   0x0000000000002f18       0x20 /Applications/STM32CubeIDE.app/Contents/Eclipse/plugins/com.st.stm32cube.ide.mcu.externaltools.gnu-tools-for-stm32.10.3-2021.10.macos64_1.0.0.202111181127/tools/bin/../lib/gcc/arm-none-eabi/10.3.1/../../../../arm-none-eabi/lib/thumb/v7e-m+fp/hard/libc_nano.a(lib_a-memset.o)
 .debug_frame   0x0000000000002f38       0x74 /Applications/STM32CubeIDE.app/Contents/Eclipse/plugins/com.st.stm32cube.ide.mcu.externaltools.gnu-tools-for-stm32.10.3-2021.10.macos64_1.0.0.202111181127/tools/bin/../lib/gcc/arm-none-eabi/10.3.1/../../../../arm-none-eabi/lib/thumb/v7e-m+fp/hard/libc_nano.a(lib_a-printf.o)
 .debug_frame   0x0000000000002fac       0x3c /Applications/STM32CubeIDE.app/Contents/Eclipse/plugins/com.st.stm32cube.ide.mcu.externaltools.gnu-tools-for-stm32.10.3-2021.10.macos64_1.0.0.202111181127/tools/bin/../lib/gcc/arm-none-eabi/10.3.1/../../../../arm-none-eabi/lib/thumb/v7e-m+fp/hard/libc_nano.a(lib_a-puts.o)
 .debug_frame   0x0000000000002fe8       0x40 /Applications/STM32CubeIDE.app/Contents/Eclipse/plugins/com.st.stm32cube.ide.mcu.externaltools.gnu-tools-for-stm32.10.3-2021.10.macos64_1.0.0.202111181127/tools/bin/../lib/gcc/arm-none-eabi/10.3.1/../../../../arm-none-eabi/lib/thumb/v7e-m+fp/hard/libc_nano.a(lib_a-wbuf.o)
 .debug_frame   0x0000000000003028       0x2c /Applications/STM32CubeIDE.app/Contents/Eclipse/plugins/com.st.stm32cube.ide.mcu.externaltools.gnu-tools-for-stm32.10.3-2021.10.macos64_1.0.0.202111181127/tools/bin/../lib/gcc/arm-none-eabi/10.3.1/../../../../arm-none-eabi/lib/thumb/v7e-m+fp/hard/libc_nano.a(lib_a-wsetup.o)
 .debug_frame   0x0000000000003054       0x5c /Applications/STM32CubeIDE.app/Contents/Eclipse/plugins/com.st.stm32cube.ide.mcu.externaltools.gnu-tools-for-stm32.10.3-2021.10.macos64_1.0.0.202111181127/tools/bin/../lib/gcc/arm-none-eabi/10.3.1/../../../../arm-none-eabi/lib/thumb/v7e-m+fp/hard/libc_nano.a(lib_a-fflush.o)
 .debug_frame   0x00000000000030b0      0x14c /Applications/STM32CubeIDE.app/Contents/Eclipse/plugins/com.st.stm32cube.ide.mcu.externaltools.gnu-tools-for-stm32.10.3-2021.10.macos64_1.0.0.202111181127/tools/bin/../lib/gcc/arm-none-eabi/10.3.1/../../../../arm-none-eabi/lib/thumb/v7e-m+fp/hard/libc_nano.a(lib_a-findfp.o)
 .debug_frame   0x00000000000031fc       0x54 /Applications/STM32CubeIDE.app/Contents/Eclipse/plugins/com.st.stm32cube.ide.mcu.externaltools.gnu-tools-for-stm32.10.3-2021.10.macos64_1.0.0.202111181127/tools/bin/../lib/gcc/arm-none-eabi/10.3.1/../../../../arm-none-eabi/lib/thumb/v7e-m+fp/hard/libc_nano.a(lib_a-fwalk.o)
 .debug_frame   0x0000000000003250       0xb0 /Applications/STM32CubeIDE.app/Contents/Eclipse/plugins/com.st.stm32cube.ide.mcu.externaltools.gnu-tools-for-stm32.10.3-2021.10.macos64_1.0.0.202111181127/tools/bin/../lib/gcc/arm-none-eabi/10.3.1/../../../../arm-none-eabi/lib/thumb/v7e-m+fp/hard/libc_nano.a(lib_a-lock.o)
 .debug_frame   0x0000000000003300       0x58 /Applications/STM32CubeIDE.app/Contents/Eclipse/plugins/com.st.stm32cube.ide.mcu.externaltools.gnu-tools-for-stm32.10.3-2021.10.macos64_1.0.0.202111181127/tools/bin/../lib/gcc/arm-none-eabi/10.3.1/../../../../arm-none-eabi/lib/thumb/v7e-m+fp/hard/libc_nano.a(lib_a-makebuf.o)